00:00:52.401 - Ticked widgets for 1 minute : 0. Per second : 0, total time : 0 ms
00:01:52.401 - Ticked widgets for 1 minute : 0. Per second : 0, total time : 0 ms
00:02:52.403 - Ticked widgets for 1 minute : 0. Per second : 0, total time : 0 ms
00:03:52.401 - Ticked widgets for 1 minute : 0. Per second : 0, total time : 0 ms
00:04:52.403 - Ticked widgets for 1 minute : 0. Per second : 0, total time : 0 ms
00:05:52.402 - Ticked widgets for 1 minute : 0. Per second : 0, total time : 0 ms
00:06:52.401 - Ticked widgets for 1 minute : 0. Per second : 0, total time : 0 ms
00:07:52.402 - Ticked widgets for 1 minute : 0. Per second : 0, total time : 0 ms
00:08:52.402 - Ticked widgets for 1 minute : 0. Per second : 0, total time : 0 ms
00:09:52.402 - Ticked widgets for 1 minute : 0. Per second : 0, total time : 0 ms
00:10:52.401 - Ticked widgets for 1 minute : 0. Per second : 0, total time : 0 ms
00:11:52.401 - Ticked widgets for 1 minute : 0. Per second : 0, total time : 0 ms
00:12:52.401 - Ticked widgets for 1 minute : 0. Per second : 0, total time : 1 ms
00:13:52.401 - Ticked widgets for 1 minute : 0. Per second : 0, total time : 1 ms
00:22:22.632 - Timers : 0
00:23:24.402 - Ticked widgets for 1 minute : 0. Per second : 0, total time : 0 ms
00:24:24.402 - Ticked widgets for 1 minute : 0. Per second : 0, total time : 0 ms
00:25:24.402 - Ticked widgets for 1 minute : 0. Per second : 0, total time : 0 ms
00:26:24.403 - Ticked widgets for 1 minute : 0. Per second : 0, total time : 0 ms
00:27:24.402 - Ticked widgets for 1 minute : 0. Per second : 0, total time : 0 ms
00:28:24.403 - Ticked widgets for 1 minute : 0. Per second : 0, total time : 0 ms
00:29:24.403 - Ticked widgets for 1 minute : 0. Per second : 0, total time : 0 ms
00:30:24.402 - Ticked widgets for 1 minute : 0. Per second : 0, total time : 0 ms
00:31:24.401 - Ticked widgets for 1 minute : 0. Per second : 0, total time : 0 ms
00:32:24.402 - Ticked widgets for 1 minute : 0. Per second : 0, total time : 0 ms
00:33:24.401 - Ticked widgets for 1 minute : 0. Per second : 0, total time : 0 ms
00:34:24.403 - Ticked widgets for 1 minute : 0. Per second : 0, total time : 0 ms
00:35:24.402 - Ticked widgets for 1 minute : 0. Per second : 0, total time : 0 ms
00:36:24.402 - Ticked widgets for 1 minute : 0. Per second : 0, total time : 0 ms
00:37:01.035 - Backup for user DB started...
00:37:01.051 - Backup for user DB finished.
00:37:24.402 - Ticked widgets for 1 minute : 0. Per second : 0, total time : 6 ms
00:38:24.403 - Ticked widgets for 1 minute : 0. Per second : 0, total time : 4 ms
00:39:24.403 - Ticked widgets for 1 minute : 0. Per second : 0, total time : 4 ms
00:40:24.403 - Ticked widgets for 1 minute : 0. Per second : 0, total time : 1 ms
00:41:24.402 - Ticked widgets for 1 minute : 0. Per second : 0, total time : 0 ms
00:42:24.401 - Ticked widgets for 1 minute : 0. Per second : 0, total time : 0 ms
00:43:24.402 - Ticked widgets for 1 minute : 0. Per second : 0, total time : 0 ms
00:44:24.402 - Ticked widgets for 1 minute : 0. Per second : 0, total time : 0 ms
00:45:24.402 - Ticked widgets for 1 minute : 0. Per second : 0, total time : 0 ms
00:46:24.401 - Ticked widgets for 1 minute : 0. Per second : 0, total time : 0 ms
00:47:24.402 - Ticked widgets for 1 minute : 0. Per second : 0, total time : 0 ms
00:48:24.403 - Ticked widgets for 1 minute : 0. Per second : 0, total time : 0 ms
00:49:24.402 - Ticked widgets for 1 minute : 0. Per second : 0, total time : 0 ms
00:50:24.403 - Ticked widgets for 1 minute : 0. Per second : 0, total time : 0 ms
00:51:24.402 - Ticked widgets for 1 minute : 0. Per second : 0, total time : 0 ms
00:52:24.403 - Ticked widgets for 1 minute : 0. Per second : 0, total time : 0 ms
00:53:24.401 - Ticked widgets for 1 minute : 0. Per second : 0, total time : 0 ms
00:54:24.403 - Ticked widgets for 1 minute : 0. Per second : 0, total time : 0 ms
00:55:24.401 - Ticked widgets for 1 minute : 0. Per second : 0, total time : 0 ms
00:56:24.402 - Ticked widgets for 1 minute : 0. Per second : 0, total time : 0 ms
00:57:24.402 - Ticked widgets for 1 minute : 0. Per second : 0, total time : 0 ms
00:58:24.403 - Ticked widgets for 1 minute : 0. Per second : 0, total time : 0 ms
00:59:24.403 - Ticked widgets for 1 minute : 0. Per second : 0, total time : 0 ms
01:00:24.401 - Ticked widgets for 1 minute : 0. Per second : 0, total time : 0 ms
01:01:24.401 - Ticked widgets for 1 minute : 0. Per second : 0, total time : 0 ms
01:02:24.403 - Ticked widgets for 1 minute : 0. Per second : 0, total time : 3 ms
01:03:24.401 - Ticked widgets for 1 minute : 0. Per second : 0, total time : 0 ms
01:04:24.401 - Ticked widgets for 1 minute : 0. Per second : 0, total time : 0 ms
01:05:24.402 - Ticked widgets for 1 minute : 0. Per second : 0, total time : 0 ms
01:06:24.402 - Ticked widgets for 1 minute : 0. Per second : 0, total time : 0 ms
01:07:24.402 - Ticked widgets for 1 minute : 0. Per second : 0, total time : 0 ms
01:08:24.401 - Ticked widgets for 1 minute : 0. Per second : 0, total time : 0 ms
01:09:24.402 - Ticked widgets for 1 minute : 0. Per second : 0, total time : 0 ms
01:10:24.403 - Ticked widgets for 1 minute : 0. Per second : 0, total time : 0 ms
01:11:24.402 - Ticked widgets for 1 minute : 0. Per second : 0, total time : 0 ms
01:12:24.403 - Ticked widgets for 1 minute : 0. Per second : 0, total time : 0 ms
01:13:24.403 - Ticked widgets for 1 minute : 0. Per second : 0, total time : 0 ms
01:14:24.403 - Ticked widgets for 1 minute : 0. Per second : 0, total time : 0 ms
01:15:24.401 - Ticked widgets for 1 minute : 0. Per second : 0, total time : 0 ms
01:16:24.403 - Ticked widgets for 1 minute : 0. Per second : 0, total time : 0 ms
01:17:24.402 - Ticked widgets for 1 minute : 0. Per second : 0, total time : 0 ms
01:18:24.402 - Ticked widgets for 1 minute : 0. Per second : 0, total time : 0 ms
01:19:24.402 - Ticked widgets for 1 minute : 0. Per second : 0, total time : 0 ms
01:20:24.402 - Ticked widgets for 1 minute : 0. Per second : 0, total time : 0 ms
01:21:24.407 - Ticked widgets for 1 minute : 0. Per second : 0, total time : 0 ms
01:22:24.402 - Ticked widgets for 1 minute : 0. Per second : 0, total time : 0 ms
01:22:24.925 - Truncated 0 files. Time : 1 ms.
01:22:24.926 - Removed 0 old export files. Time : 1 ms.
01:23:24.402 - Ticked widgets for 1 minute : 0. Per second : 0, total time : 0 ms
01:24:24.402 - Ticked widgets for 1 minute : 0. Per second : 0, total time : 0 ms
01:25:24.402 - Ticked widgets for 1 minute : 0. Per second : 0, total time : 0 ms
01:26:24.403 - Ticked widgets for 1 minute : 0. Per second : 0, total time : 0 ms
01:27:24.402 - Ticked widgets for 1 minute : 0. Per second : 0, total time : 0 ms
01:28:24.402 - Ticked widgets for 1 minute : 0. Per second : 0, total time : 0 ms
01:29:24.402 - Ticked widgets for 1 minute : 0. Per second : 0, total time : 4 ms
01:30:24.402 - Ticked widgets for 1 minute : 0. Per second : 0, total time : 5 ms
01:31:24.403 - Ticked widgets for 1 minute : 0. Per second : 0, total time : 1 ms
01:32:24.401 - Ticked widgets for 1 minute : 0. Per second : 0, total time : 3 ms
01:33:24.402 - Ticked widgets for 1 minute : 0. Per second : 0, total time : 2 ms
01:34:24.401 - Ticked widgets for 1 minute : 0. Per second : 0, total time : 1 ms
01:35:24.402 - Ticked widgets for 1 minute : 0. Per second : 0, total time : 1 ms
01:36:24.402 - Ticked widgets for 1 minute : 0. Per second : 0, total time : 2 ms
01:37:24.401 - Ticked widgets for 1 minute : 0. Per second : 0, total time : 0 ms
01:38:24.403 - Ticked widgets for 1 minute : 0. Per second : 0, total time : 2 ms
01:39:24.401 - Ticked widgets for 1 minute : 0. Per second : 0, total time : 2 ms
01:40:24.403 - Ticked widgets for 1 minute : 0. Per second : 0, total time : 0 ms
01:41:24.403 - Ticked widgets for 1 minute : 0. Per second : 0, total time : 1 ms
01:42:24.401 - Ticked widgets for 1 minute : 0. Per second : 0, total time : 1 ms
01:43:24.403 - Ticked widgets for 1 minute : 0. Per second : 0, total time : 1 ms
01:44:24.402 - Ticked widgets for 1 minute : 0. Per second : 0, total time : 3 ms
01:45:24.403 - Ticked widgets for 1 minute : 0. Per second : 0, total time : 3 ms
01:46:24.402 - Ticked widgets for 1 minute : 0. Per second : 0, total time : 3 ms
01:47:24.403 - Ticked widgets for 1 minute : 0. Per second : 0, total time : 1 ms
01:48:24.402 - Ticked widgets for 1 minute : 0. Per second : 0, total time : 1 ms
01:49:24.401 - Ticked widgets for 1 minute : 0. Per second : 0, total time : 1 ms
01:50:24.403 - Ticked widgets for 1 minute : 0. Per second : 0, total time : 8 ms
01:51:24.402 - Ticked widgets for 1 minute : 0. Per second : 0, total time : 4 ms
01:52:24.402 - Ticked widgets for 1 minute : 0. Per second : 0, total time : 6 ms
01:53:24.402 - Ticked widgets for 1 minute : 0. Per second : 0, total time : 2 ms
01:54:24.403 - Ticked widgets for 1 minute : 0. Per second : 0, total time : 3 ms
01:55:24.401 - Ticked widgets for 1 minute : 0. Per second : 0, total time : 0 ms
01:56:24.403 - Ticked widgets for 1 minute : 0. Per second : 0, total time : 1 ms
01:57:24.401 - Ticked widgets for 1 minute : 0. Per second : 0, total time : 4 ms
01:58:24.402 - Ticked widgets for 1 minute : 0. Per second : 0, total time : 3 ms
01:59:24.401 - Ticked widgets for 1 minute : 0. Per second : 0, total time : 2 ms
02:00:24.403 - Ticked widgets for 1 minute : 0. Per second : 0, total time : 8 ms
02:01:24.403 - Ticked widgets for 1 minute : 0. Per second : 0, total time : 10 ms
02:02:24.402 - Ticked widgets for 1 minute : 0. Per second : 0, total time : 3 ms
02:03:24.401 - Ticked widgets for 1 minute : 0. Per second : 0, total time : 4 ms
02:04:24.403 - Ticked widgets for 1 minute : 0. Per second : 0, total time : 2 ms
02:05:24.401 - Ticked widgets for 1 minute : 0. Per second : 0, total time : 8 ms
02:06:24.402 - Ticked widgets for 1 minute : 0. Per second : 0, total time : 5 ms
02:07:24.402 - Ticked widgets for 1 minute : 0. Per second : 0, total time : 2 ms
02:08:24.401 - Ticked widgets for 1 minute : 0. Per second : 0, total time : 1 ms
02:09:24.402 - Ticked widgets for 1 minute : 0. Per second : 0, total time : 2 ms
02:10:24.401 - Ticked widgets for 1 minute : 0. Per second : 0, total time : 1 ms
02:11:24.403 - Ticked widgets for 1 minute : 0. Per second : 0, total time : 1 ms
02:12:24.403 - Ticked widgets for 1 minute : 0. Per second : 0, total time : 0 ms
02:13:24.402 - Ticked widgets for 1 minute : 0. Per second : 0, total time : 3 ms
02:14:24.416 - Ticked widgets for 1 minute : 0. Per second : 0, total time : 3 ms
02:15:24.403 - Ticked widgets for 1 minute : 0. Per second : 0, total time : 9 ms
02:16:24.402 - Ticked widgets for 1 minute : 0. Per second : 0, total time : 6 ms
02:17:24.413 - Ticked widgets for 1 minute : 0. Per second : 0, total time : 2 ms
02:18:24.403 - Ticked widgets for 1 minute : 0. Per second : 0, total time : 0 ms
02:19:24.403 - Ticked widgets for 1 minute : 0. Per second : 0, total time : 1 ms
02:20:24.402 - Ticked widgets for 1 minute : 0. Per second : 0, total time : 17 ms
02:21:24.402 - Ticked widgets for 1 minute : 0. Per second : 0, total time : 0 ms
02:22:24.404 - Ticked widgets for 1 minute : 0. Per second : 0, total time : 1 ms
02:23:24.403 - Ticked widgets for 1 minute : 0. Per second : 0, total time : 1 ms
02:24:24.402 - Ticked widgets for 1 minute : 0. Per second : 0, total time : 2 ms
02:25:24.402 - Ticked widgets for 1 minute : 0. Per second : 0, total time : 2 ms
02:26:24.402 - Ticked widgets for 1 minute : 0. Per second : 0, total time : 4 ms
02:27:24.403 - Ticked widgets for 1 minute : 0. Per second : 0, total time : 0 ms
02:28:24.401 - Ticked widgets for 1 minute : 0. Per second : 0, total time : 1 ms
02:29:24.402 - Ticked widgets for 1 minute : 0. Per second : 0, total time : 7 ms
02:30:24.402 - Ticked widgets for 1 minute : 0. Per second : 0, total time : 1 ms
02:31:24.402 - Ticked widgets for 1 minute : 0. Per second : 0, total time : 0 ms
02:32:24.402 - Ticked widgets for 1 minute : 0. Per second : 0, total time : 1 ms
02:33:24.401 - Ticked widgets for 1 minute : 0. Per second : 0, total time : 2 ms
02:34:24.402 - Ticked widgets for 1 minute : 0. Per second : 0, total time : 3 ms
02:35:24.403 - Ticked widgets for 1 minute : 0. Per second : 0, total time : 4 ms
02:36:24.403 - Ticked widgets for 1 minute : 0. Per second : 0, total time : 16 ms
02:37:24.403 - Ticked widgets for 1 minute : 0. Per second : 0, total time : 3 ms
02:38:24.403 - Ticked widgets for 1 minute : 0. Per second : 0, total time : 4 ms
02:39:24.403 - Ticked widgets for 1 minute : 0. Per second : 0, total time : 3 ms
02:40:24.403 - Ticked widgets for 1 minute : 0. Per second : 0, total time : 0 ms
02:41:24.403 - Ticked widgets for 1 minute : 0. Per second : 0, total time : 3 ms
02:42:24.402 - Ticked widgets for 1 minute : 0. Per second : 0, total time : 6 ms
02:43:24.402 - Ticked widgets for 1 minute : 0. Per second : 0, total time : 0 ms
02:44:24.410 - Ticked widgets for 1 minute : 0. Per second : 0, total time : 1 ms
02:45:24.403 - Ticked widgets for 1 minute : 0. Per second : 0, total time : 9 ms
02:46:24.402 - Ticked widgets for 1 minute : 0. Per second : 0, total time : 11 ms
02:47:24.404 - Ticked widgets for 1 minute : 0. Per second : 0, total time : 3 ms
02:48:24.401 - Ticked widgets for 1 minute : 0. Per second : 0, total time : 1 ms
02:49:24.403 - Ticked widgets for 1 minute : 0. Per second : 0, total time : 6 ms
02:50:24.402 - Ticked widgets for 1 minute : 0. Per second : 0, total time : 10 ms
02:51:24.403 - Ticked widgets for 1 minute : 0. Per second : 0, total time : 9 ms
02:52:24.402 - Ticked widgets for 1 minute : 0. Per second : 0, total time : 5 ms
02:53:24.403 - Ticked widgets for 1 minute : 0. Per second : 0, total time : 3 ms
02:54:24.404 - Ticked widgets for 1 minute : 0. Per second : 0, total time : 7 ms
02:55:24.449 - Ticked widgets for 1 minute : 0. Per second : 0, total time : 13 ms
02:56:24.408 - Ticked widgets for 1 minute : 0. Per second : 0, total time : 13 ms
02:57:24.406 - Ticked widgets for 1 minute : 0. Per second : 0, total time : 11 ms
02:58:24.421 - Ticked widgets for 1 minute : 0. Per second : 0, total time : 8 ms
02:59:24.402 - Ticked widgets for 1 minute : 0. Per second : 0, total time : 11 ms
03:00:24.407 - Ticked widgets for 1 minute : 0. Per second : 0, total time : 9 ms
03:01:24.411 - Ticked widgets for 1 minute : 0. Per second : 0, total time : 8 ms
03:02:24.401 - Ticked widgets for 1 minute : 0. Per second : 0, total time : 16 ms
03:03:24.402 - Ticked widgets for 1 minute : 0. Per second : 0, total time : 4 ms
03:04:24.401 - Ticked widgets for 1 minute : 0. Per second : 0, total time : 0 ms
03:05:24.402 - Ticked widgets for 1 minute : 0. Per second : 0, total time : 1 ms
03:06:24.402 - Ticked widgets for 1 minute : 0. Per second : 0, total time : 3 ms
03:07:24.403 - Ticked widgets for 1 minute : 0. Per second : 0, total time : 7 ms
03:08:24.401 - Ticked widgets for 1 minute : 0. Per second : 0, total time : 0 ms
03:09:24.403 - Ticked widgets for 1 minute : 0. Per second : 0, total time : 0 ms
03:10:24.403 - Ticked widgets for 1 minute : 0. Per second : 0, total time : 0 ms
03:11:24.402 - Ticked widgets for 1 minute : 0. Per second : 0, total time : 0 ms
03:12:24.403 - Ticked widgets for 1 minute : 0. Per second : 0, total time : 0 ms
03:13:24.402 - Ticked widgets for 1 minute : 0. Per second : 0, total time : 0 ms
03:14:24.403 - Ticked widgets for 1 minute : 0. Per second : 0, total time : 0 ms
03:15:24.402 - Ticked widgets for 1 minute : 0. Per second : 0, total time : 0 ms
03:16:24.402 - Ticked widgets for 1 minute : 0. Per second : 0, total time : 0 ms
03:17:24.403 - Ticked widgets for 1 minute : 0. Per second : 0, total time : 0 ms
03:18:24.401 - Ticked widgets for 1 minute : 0. Per second : 0, total time : 0 ms
03:19:24.403 - Ticked widgets for 1 minute : 0. Per second : 0, total time : 0 ms
03:20:24.402 - Ticked widgets for 1 minute : 0. Per second : 0, total time : 0 ms
03:21:24.402 - Ticked widgets for 1 minute : 0. Per second : 0, total time : 0 ms
03:22:24.402 - Ticked widgets for 1 minute : 0. Per second : 0, total time : 0 ms
03:23:24.403 - Ticked widgets for 1 minute : 0. Per second : 0, total time : 0 ms
03:24:24.403 - Ticked widgets for 1 minute : 0. Per second : 0, total time : 0 ms
03:25:24.402 - Ticked widgets for 1 minute : 0. Per second : 0, total time : 0 ms
03:26:24.401 - Ticked widgets for 1 minute : 0. Per second : 0, total time : 0 ms
03:27:24.402 - Ticked widgets for 1 minute : 0. Per second : 0, total time : 0 ms
03:28:24.403 - Ticked widgets for 1 minute : 0. Per second : 0, total time : 0 ms
03:29:24.402 - Ticked widgets for 1 minute : 0. Per second : 0, total time : 0 ms
03:30:24.401 - Ticked widgets for 1 minute : 0. Per second : 0, total time : 0 ms
03:31:24.403 - Ticked widgets for 1 minute : 0. Per second : 0, total time : 0 ms
03:32:24.402 - Ticked widgets for 1 minute : 0. Per second : 0, total time : 0 ms
03:33:24.401 - Ticked widgets for 1 minute : 0. Per second : 0, total time : 0 ms
03:34:24.402 - Ticked widgets for 1 minute : 0. Per second : 0, total time : 0 ms
03:35:24.402 - Ticked widgets for 1 minute : 0. Per second : 0, total time : 0 ms
03:36:24.403 - Ticked widgets for 1 minute : 0. Per second : 0, total time : 0 ms
03:37:24.402 - Ticked widgets for 1 minute : 0. Per second : 0, total time : 0 ms
03:38:24.403 - Ticked widgets for 1 minute : 0. Per second : 0, total time : 0 ms
03:39:24.401 - Ticked widgets for 1 minute : 0. Per second : 0, total time : 0 ms
03:40:24.401 - Ticked widgets for 1 minute : 0. Per second : 0, total time : 0 ms
03:41:24.402 - Ticked widgets for 1 minute : 0. Per second : 0, total time : 0 ms
03:42:24.402 - Ticked widgets for 1 minute : 0. Per second : 0, total time : 0 ms
03:43:24.403 - Ticked widgets for 1 minute : 0. Per second : 0, total time : 0 ms
03:44:24.401 - Ticked widgets for 1 minute : 0. Per second : 0, total time : 0 ms
03:45:24.402 - Ticked widgets for 1 minute : 0. Per second : 0, total time : 0 ms
03:46:24.402 - Ticked widgets for 1 minute : 0. Per second : 0, total time : 0 ms
03:47:24.401 - Ticked widgets for 1 minute : 0. Per second : 0, total time : 0 ms
03:48:24.402 - Ticked widgets for 1 minute : 0. Per second : 0, total time : 0 ms
03:49:24.401 - Ticked widgets for 1 minute : 0. Per second : 0, total time : 0 ms
03:50:24.401 - Ticked widgets for 1 minute : 0. Per second : 0, total time : 0 ms
03:51:24.403 - Ticked widgets for 1 minute : 0. Per second : 0, total time : 0 ms
03:52:24.402 - Ticked widgets for 1 minute : 0. Per second : 0, total time : 0 ms
03:53:24.402 - Ticked widgets for 1 minute : 0. Per second : 0, total time : 0 ms
03:54:24.403 - Ticked widgets for 1 minute : 0. Per second : 0, total time : 0 ms
03:55:24.403 - Ticked widgets for 1 minute : 0. Per second : 0, total time : 0 ms
03:56:24.402 - Ticked widgets for 1 minute : 0. Per second : 0, total time : 0 ms
03:57:24.402 - Ticked widgets for 1 minute : 0. Per second : 0, total time : 0 ms
03:58:24.402 - Ticked widgets for 1 minute : 0. Per second : 0, total time : 0 ms
03:59:24.403 - Ticked widgets for 1 minute : 0. Per second : 0, total time : 0 ms
04:00:24.403 - Ticked widgets for 1 minute : 0. Per second : 0, total time : 0 ms
04:01:24.401 - Ticked widgets for 1 minute : 0. Per second : 0, total time : 0 ms
04:02:24.403 - Ticked widgets for 1 minute : 0. Per second : 0, total time : 0 ms
04:03:24.402 - Ticked widgets for 1 minute : 0. Per second : 0, total time : 0 ms
04:04:24.403 - Ticked widgets for 1 minute : 0. Per second : 0, total time : 0 ms
04:05:24.402 - Ticked widgets for 1 minute : 0. Per second : 0, total time : 0 ms
04:06:24.402 - Ticked widgets for 1 minute : 0. Per second : 0, total time : 0 ms
04:07:24.402 - Ticked widgets for 1 minute : 0. Per second : 0, total time : 0 ms
04:08:24.403 - Ticked widgets for 1 minute : 0. Per second : 0, total time : 0 ms
04:09:24.402 - Ticked widgets for 1 minute : 0. Per second : 0, total time : 0 ms
04:10:24.402 - Ticked widgets for 1 minute : 0. Per second : 0, total time : 0 ms
04:11:24.402 - Ticked widgets for 1 minute : 0. Per second : 0, total time : 0 ms
04:12:24.403 - Ticked widgets for 1 minute : 0. Per second : 0, total time : 0 ms
04:13:24.401 - Ticked widgets for 1 minute : 0. Per second : 0, total time : 0 ms
04:14:24.402 - Ticked widgets for 1 minute : 0. Per second : 0, total time : 0 ms
04:15:24.403 - Ticked widgets for 1 minute : 0. Per second : 0, total time : 0 ms
04:16:24.403 - Ticked widgets for 1 minute : 0. Per second : 0, total time : 0 ms
04:17:24.402 - Ticked widgets for 1 minute : 0. Per second : 0, total time : 0 ms
04:18:24.402 - Ticked widgets for 1 minute : 0. Per second : 0, total time : 0 ms
04:19:24.401 - Ticked widgets for 1 minute : 0. Per second : 0, total time : 0 ms
04:20:24.402 - Ticked widgets for 1 minute : 0. Per second : 0, total time : 0 ms
04:21:24.403 - Ticked widgets for 1 minute : 0. Per second : 0, total time : 0 ms
04:22:24.403 - Ticked widgets for 1 minute : 0. Per second : 0, total time : 0 ms
04:23:24.403 - Ticked widgets for 1 minute : 0. Per second : 0, total time : 0 ms
04:24:24.402 - Ticked widgets for 1 minute : 0. Per second : 0, total time : 0 ms
04:25:24.407 - Ticked widgets for 1 minute : 0. Per second : 0, total time : 0 ms
04:26:24.403 - Ticked widgets for 1 minute : 0. Per second : 0, total time : 0 ms
04:27:24.402 - Ticked widgets for 1 minute : 0. Per second : 0, total time : 0 ms
04:28:24.402 - Ticked widgets for 1 minute : 0. Per second : 0, total time : 0 ms
04:29:24.403 - Ticked widgets for 1 minute : 0. Per second : 0, total time : 0 ms
04:30:24.403 - Ticked widgets for 1 minute : 0. Per second : 0, total time : 0 ms
04:31:24.402 - Ticked widgets for 1 minute : 0. Per second : 0, total time : 0 ms
04:32:24.402 - Ticked widgets for 1 minute : 0. Per second : 0, total time : 0 ms
04:33:24.402 - Ticked widgets for 1 minute : 0. Per second : 0, total time : 0 ms
04:34:24.403 - Ticked widgets for 1 minute : 0. Per second : 0, total time : 0 ms
04:35:24.402 - Ticked widgets for 1 minute : 0. Per second : 0, total time : 0 ms
04:36:24.403 - Ticked widgets for 1 minute : 0. Per second : 0, total time : 0 ms
04:37:24.402 - Ticked widgets for 1 minute : 0. Per second : 0, total time : 0 ms
04:38:24.402 - Ticked widgets for 1 minute : 0. Per second : 0, total time : 0 ms
04:39:24.402 - Ticked widgets for 1 minute : 0. Per second : 0, total time : 0 ms
04:40:24.402 - Ticked widgets for 1 minute : 0. Per second : 0, total time : 0 ms
04:41:24.402 - Ticked widgets for 1 minute : 0. Per second : 0, total time : 0 ms
04:42:24.402 - Ticked widgets for 1 minute : 0. Per second : 0, total time : 0 ms
04:43:24.402 - Ticked widgets for 1 minute : 0. Per second : 0, total time : 0 ms
04:44:24.403 - Ticked widgets for 1 minute : 0. Per second : 0, total time : 0 ms
04:45:24.402 - Ticked widgets for 1 minute : 0. Per second : 0, total time : 0 ms
04:46:24.402 - Ticked widgets for 1 minute : 0. Per second : 0, total time : 0 ms
04:47:24.401 - Ticked widgets for 1 minute : 0. Per second : 0, total time : 0 ms
04:48:24.401 - Ticked widgets for 1 minute : 0. Per second : 0, total time : 0 ms
04:49:24.402 - Ticked widgets for 1 minute : 0. Per second : 0, total time : 0 ms
04:50:24.402 - Ticked widgets for 1 minute : 0. Per second : 0, total time : 0 ms
04:51:24.403 - Ticked widgets for 1 minute : 0. Per second : 0, total time : 0 ms
04:52:24.402 - Ticked widgets for 1 minute : 0. Per second : 0, total time : 1 ms
04:53:24.402 - Ticked widgets for 1 minute : 0. Per second : 0, total time : 0 ms
04:54:24.401 - Ticked widgets for 1 minute : 0. Per second : 0, total time : 0 ms
04:55:24.402 - Ticked widgets for 1 minute : 0. Per second : 0, total time : 0 ms
04:56:24.403 - Ticked widgets for 1 minute : 0. Per second : 0, total time : 0 ms
04:57:24.401 - Ticked widgets for 1 minute : 0. Per second : 0, total time : 0 ms
04:58:24.402 - Ticked widgets for 1 minute : 0. Per second : 0, total time : 0 ms
04:59:24.403 - Ticked widgets for 1 minute : 0. Per second : 0, total time : 0 ms
05:00:24.402 - Ticked widgets for 1 minute : 0. Per second : 0, total time : 0 ms
05:01:24.402 - Ticked widgets for 1 minute : 0. Per second : 0, total time : 0 ms
05:02:24.403 - Ticked widgets for 1 minute : 0. Per second : 0, total time : 0 ms
05:03:24.402 - Ticked widgets for 1 minute : 0. Per second : 0, total time : 0 ms
05:04:24.402 - Ticked widgets for 1 minute : 0. Per second : 0, total time : 0 ms
05:05:24.403 - Ticked widgets for 1 minute : 0. Per second : 0, total time : 0 ms
05:06:24.401 - Ticked widgets for 1 minute : 0. Per second : 0, total time : 0 ms
05:07:24.403 - Ticked widgets for 1 minute : 0. Per second : 0, total time : 0 ms
05:08:24.402 - Ticked widgets for 1 minute : 0. Per second : 0, total time : 0 ms
05:09:24.402 - Ticked widgets for 1 minute : 0. Per second : 0, total time : 0 ms
05:10:24.401 - Ticked widgets for 1 minute : 0. Per second : 0, total time : 0 ms
05:11:24.401 - Ticked widgets for 1 minute : 0. Per second : 0, total time : 0 ms
05:12:24.401 - Ticked widgets for 1 minute : 0. Per second : 0, total time : 0 ms
05:13:24.403 - Ticked widgets for 1 minute : 0. Per second : 0, total time : 0 ms
05:14:24.403 - Ticked widgets for 1 minute : 0. Per second : 0, total time : 0 ms
05:15:24.403 - Ticked widgets for 1 minute : 0. Per second : 0, total time : 0 ms
05:16:24.403 - Ticked widgets for 1 minute : 0. Per second : 0, total time : 0 ms
05:17:24.402 - Ticked widgets for 1 minute : 0. Per second : 0, total time : 0 ms
05:18:24.402 - Ticked widgets for 1 minute : 0. Per second : 0, total time : 0 ms
05:19:24.403 - Ticked widgets for 1 minute : 0. Per second : 0, total time : 0 ms
05:20:24.401 - Ticked widgets for 1 minute : 0. Per second : 0, total time : 0 ms
05:21:24.402 - Ticked widgets for 1 minute : 0. Per second : 0, total time : 0 ms
05:22:24.402 - Ticked widgets for 1 minute : 0. Per second : 0, total time : 0 ms
05:23:24.402 - Ticked widgets for 1 minute : 0. Per second : 0, total time : 0 ms
05:24:24.402 - Ticked widgets for 1 minute : 0. Per second : 0, total time : 0 ms
05:25:24.403 - Ticked widgets for 1 minute : 0. Per second : 0, total time : 0 ms
05:26:24.403 - Ticked widgets for 1 minute : 0. Per second : 0, total time : 0 ms
05:27:24.401 - Ticked widgets for 1 minute : 0. Per second : 0, total time : 0 ms
05:28:24.402 - Ticked widgets for 1 minute : 0. Per second : 0, total time : 0 ms
05:29:24.403 - Ticked widgets for 1 minute : 0. Per second : 0, total time : 0 ms
05:30:24.401 - Ticked widgets for 1 minute : 0. Per second : 0, total time : 0 ms
05:31:24.402 - Ticked widgets for 1 minute : 0. Per second : 0, total time : 0 ms
05:32:24.402 - Ticked widgets for 1 minute : 0. Per second : 0, total time : 0 ms
05:33:24.402 - Ticked widgets for 1 minute : 0. Per second : 0, total time : 0 ms
05:34:24.402 - Ticked widgets for 1 minute : 0. Per second : 0, total time : 0 ms
05:35:24.402 - Ticked widgets for 1 minute : 0. Per second : 0, total time : 0 ms
05:36:24.403 - Ticked widgets for 1 minute : 0. Per second : 0, total time : 0 ms
05:37:24.404 - Ticked widgets for 1 minute : 0. Per second : 0, total time : 0 ms
05:38:24.403 - Ticked widgets for 1 minute : 0. Per second : 0, total time : 0 ms
05:39:24.402 - Ticked widgets for 1 minute : 0. Per second : 0, total time : 0 ms
05:40:24.402 - Ticked widgets for 1 minute : 0. Per second : 0, total time : 0 ms
05:41:24.401 - Ticked widgets for 1 minute : 0. Per second : 0, total time : 0 ms
05:42:24.402 - Ticked widgets for 1 minute : 0. Per second : 0, total time : 0 ms
05:43:24.402 - Ticked widgets for 1 minute : 0. Per second : 0, total time : 0 ms
05:44:24.401 - Ticked widgets for 1 minute : 0. Per second : 0, total time : 0 ms
05:45:24.403 - Ticked widgets for 1 minute : 0. Per second : 0, total time : 0 ms
05:46:24.403 - Ticked widgets for 1 minute : 0. Per second : 0, total time : 0 ms
05:47:24.402 - Ticked widgets for 1 minute : 0. Per second : 0, total time : 0 ms
05:48:24.403 - Ticked widgets for 1 minute : 0. Per second : 0, total time : 0 ms
05:49:24.401 - Ticked widgets for 1 minute : 0. Per second : 0, total time : 0 ms
05:50:24.401 - Ticked widgets for 1 minute : 0. Per second : 0, total time : 0 ms
05:51:24.402 - Ticked widgets for 1 minute : 0. Per second : 0, total time : 0 ms
05:52:24.403 - Ticked widgets for 1 minute : 0. Per second : 0, total time : 0 ms
05:53:24.402 - Ticked widgets for 1 minute : 0. Per second : 0, total time : 0 ms
05:54:24.402 - Ticked widgets for 1 minute : 0. Per second : 0, total time : 0 ms
05:55:24.402 - Ticked widgets for 1 minute : 0. Per second : 0, total time : 0 ms
05:56:24.403 - Ticked widgets for 1 minute : 0. Per second : 0, total time : 0 ms
05:57:24.403 - Ticked widgets for 1 minute : 0. Per second : 0, total time : 0 ms
05:58:24.403 - Ticked widgets for 1 minute : 0. Per second : 0, total time : 0 ms
05:59:24.403 - Ticked widgets for 1 minute : 0. Per second : 0, total time : 0 ms
06:00:24.402 - Ticked widgets for 1 minute : 0. Per second : 0, total time : 0 ms
06:01:24.402 - Ticked widgets for 1 minute : 0. Per second : 0, total time : 0 ms
06:02:24.403 - Ticked widgets for 1 minute : 0. Per second : 0, total time : 0 ms
06:03:24.403 - Ticked widgets for 1 minute : 0. Per second : 0, total time : 0 ms
06:04:24.403 - Ticked widgets for 1 minute : 0. Per second : 0, total time : 0 ms
06:05:24.403 - Ticked widgets for 1 minute : 0. Per second : 0, total time : 0 ms
06:06:24.401 - Ticked widgets for 1 minute : 0. Per second : 0, total time : 0 ms
06:07:24.402 - Ticked widgets for 1 minute : 0. Per second : 0, total time : 0 ms
06:08:24.401 - Ticked widgets for 1 minute : 0. Per second : 0, total time : 0 ms
06:09:24.402 - Ticked widgets for 1 minute : 0. Per second : 0, total time : 0 ms
06:10:24.403 - Ticked widgets for 1 minute : 0. Per second : 0, total time : 0 ms
06:11:24.402 - Ticked widgets for 1 minute : 0. Per second : 0, total time : 0 ms
06:12:24.403 - Ticked widgets for 1 minute : 0. Per second : 0, total time : 0 ms
06:13:24.402 - Ticked widgets for 1 minute : 0. Per second : 0, total time : 0 ms
06:14:24.402 - Ticked widgets for 1 minute : 0. Per second : 0, total time : 0 ms
06:15:24.401 - Ticked widgets for 1 minute : 0. Per second : 0, total time : 0 ms
06:16:24.401 - Ticked widgets for 1 minute : 0. Per second : 0, total time : 0 ms
06:17:24.403 - Ticked widgets for 1 minute : 0. Per second : 0, total time : 0 ms
06:18:24.403 - Ticked widgets for 1 minute : 0. Per second : 0, total time : 0 ms
06:19:24.401 - Ticked widgets for 1 minute : 0. Per second : 0, total time : 0 ms
06:20:24.401 - Ticked widgets for 1 minute : 0. Per second : 0, total time : 0 ms
06:21:24.402 - Ticked widgets for 1 minute : 0. Per second : 0, total time : 0 ms
06:22:24.401 - Ticked widgets for 1 minute : 0. Per second : 0, total time : 0 ms
06:23:24.402 - Ticked widgets for 1 minute : 0. Per second : 0, total time : 0 ms
06:24:24.402 - Ticked widgets for 1 minute : 0. Per second : 0, total time : 0 ms
06:25:24.401 - Ticked widgets for 1 minute : 0. Per second : 0, total time : 0 ms
06:26:24.402 - Ticked widgets for 1 minute : 0. Per second : 0, total time : 0 ms
06:27:24.402 - Ticked widgets for 1 minute : 0. Per second : 0, total time : 0 ms
06:28:24.401 - Ticked widgets for 1 minute : 0. Per second : 0, total time : 0 ms
06:29:24.402 - Ticked widgets for 1 minute : 0. Per second : 0, total time : 0 ms
06:30:24.402 - Ticked widgets for 1 minute : 0. Per second : 0, total time : 0 ms
06:31:24.403 - Ticked widgets for 1 minute : 0. Per second : 0, total time : 0 ms
06:32:24.402 - Ticked widgets for 1 minute : 0. Per second : 0, total time : 1 ms
06:33:24.402 - Ticked widgets for 1 minute : 0. Per second : 0, total time : 0 ms
06:34:24.401 - Ticked widgets for 1 minute : 0. Per second : 0, total time : 0 ms
06:35:24.402 - Ticked widgets for 1 minute : 0. Per second : 0, total time : 0 ms
06:36:24.403 - Ticked widgets for 1 minute : 0. Per second : 0, total time : 0 ms
06:37:24.403 - Ticked widgets for 1 minute : 0. Per second : 0, total time : 0 ms
06:38:24.402 - Ticked widgets for 1 minute : 0. Per second : 0, total time : 0 ms
06:39:24.401 - Ticked widgets for 1 minute : 0. Per second : 0, total time : 0 ms
06:40:24.401 - Ticked widgets for 1 minute : 0. Per second : 0, total time : 0 ms
06:41:24.403 - Ticked widgets for 1 minute : 0. Per second : 0, total time : 0 ms
06:42:24.401 - Ticked widgets for 1 minute : 0. Per second : 0, total time : 0 ms
06:43:24.402 - Ticked widgets for 1 minute : 0. Per second : 0, total time : 0 ms
06:44:24.401 - Ticked widgets for 1 minute : 0. Per second : 0, total time : 0 ms
06:45:24.402 - Ticked widgets for 1 minute : 0. Per second : 0, total time : 0 ms
06:46:24.402 - Ticked widgets for 1 minute : 0. Per second : 0, total time : 0 ms
06:47:24.403 - Ticked widgets for 1 minute : 0. Per second : 0, total time : 0 ms
06:48:24.401 - Ticked widgets for 1 minute : 0. Per second : 0, total time : 0 ms
06:49:24.403 - Ticked widgets for 1 minute : 0. Per second : 0, total time : 0 ms
06:50:24.401 - Ticked widgets for 1 minute : 0. Per second : 0, total time : 0 ms
06:51:24.401 - Ticked widgets for 1 minute : 0. Per second : 0, total time : 0 ms
06:52:24.402 - Ticked widgets for 1 minute : 0. Per second : 0, total time : 0 ms
06:53:24.402 - Ticked widgets for 1 minute : 0. Per second : 0, total time : 0 ms
06:54:24.403 - Ticked widgets for 1 minute : 0. Per second : 0, total time : 0 ms
06:55:24.403 - Ticked widgets for 1 minute : 0. Per second : 0, total time : 0 ms
06:56:24.401 - Ticked widgets for 1 minute : 0. Per second : 0, total time : 0 ms
06:57:24.403 - Ticked widgets for 1 minute : 0. Per second : 0, total time : 0 ms
06:58:24.403 - Ticked widgets for 1 minute : 0. Per second : 0, total time : 0 ms
06:59:24.403 - Ticked widgets for 1 minute : 0. Per second : 0, total time : 0 ms
07:00:24.403 - Ticked widgets for 1 minute : 0. Per second : 0, total time : 0 ms
07:01:24.402 - Ticked widgets for 1 minute : 0. Per second : 0, total time : 0 ms
07:02:24.403 - Ticked widgets for 1 minute : 0. Per second : 0, total time : 0 ms
07:03:24.401 - Ticked widgets for 1 minute : 0. Per second : 0, total time : 0 ms
07:04:24.402 - Ticked widgets for 1 minute : 0. Per second : 0, total time : 0 ms
07:05:24.403 - Ticked widgets for 1 minute : 0. Per second : 0, total time : 0 ms
07:06:24.403 - Ticked widgets for 1 minute : 0. Per second : 0, total time : 0 ms
07:07:24.402 - Ticked widgets for 1 minute : 0. Per second : 0, total time : 0 ms
07:08:24.402 - Ticked widgets for 1 minute : 0. Per second : 0, total time : 0 ms
07:09:24.402 - Ticked widgets for 1 minute : 0. Per second : 0, total time : 0 ms
07:10:24.402 - Ticked widgets for 1 minute : 0. Per second : 0, total time : 0 ms
07:11:24.403 - Ticked widgets for 1 minute : 0. Per second : 0, total time : 0 ms
07:12:24.401 - Ticked widgets for 1 minute : 0. Per second : 0, total time : 0 ms
07:13:24.403 - Ticked widgets for 1 minute : 0. Per second : 0, total time : 0 ms
07:14:24.403 - Ticked widgets for 1 minute : 0. Per second : 0, total time : 0 ms
07:15:24.401 - Ticked widgets for 1 minute : 0. Per second : 0, total time : 0 ms
07:16:24.402 - Ticked widgets for 1 minute : 0. Per second : 0, total time : 0 ms
07:17:24.402 - Ticked widgets for 1 minute : 0. Per second : 0, total time : 0 ms
07:18:24.403 - Ticked widgets for 1 minute : 0. Per second : 0, total time : 0 ms
07:19:24.403 - Ticked widgets for 1 minute : 0. Per second : 0, total time : 0 ms
07:20:24.402 - Ticked widgets for 1 minute : 0. Per second : 0, total time : 0 ms
07:21:24.402 - Ticked widgets for 1 minute : 0. Per second : 0, total time : 0 ms
07:22:24.402 - Ticked widgets for 1 minute : 0. Per second : 0, total time : 0 ms
07:23:24.403 - Ticked widgets for 1 minute : 0. Per second : 0, total time : 0 ms
07:24:24.403 - Ticked widgets for 1 minute : 0. Per second : 0, total time : 0 ms
07:25:24.403 - Ticked widgets for 1 minute : 0. Per second : 0, total time : 0 ms
07:26:24.402 - Ticked widgets for 1 minute : 0. Per second : 0, total time : 0 ms
07:27:24.403 - Ticked widgets for 1 minute : 0. Per second : 0, total time : 0 ms
07:28:24.401 - Ticked widgets for 1 minute : 0. Per second : 0, total time : 0 ms
07:29:24.401 - Ticked widgets for 1 minute : 0. Per second : 0, total time : 0 ms
07:30:24.402 - Ticked widgets for 1 minute : 0. Per second : 0, total time : 0 ms
07:31:24.401 - Ticked widgets for 1 minute : 0. Per second : 0, total time : 0 ms
07:32:24.402 - Ticked widgets for 1 minute : 0. Per second : 0, total time : 0 ms
07:33:24.402 - Ticked widgets for 1 minute : 0. Per second : 0, total time : 0 ms
07:34:24.402 - Ticked widgets for 1 minute : 0. Per second : 0, total time : 0 ms
07:35:24.402 - Ticked widgets for 1 minute : 0. Per second : 0, total time : 0 ms
07:36:24.402 - Ticked widgets for 1 minute : 0. Per second : 0, total time : 0 ms
07:37:24.403 - Ticked widgets for 1 minute : 0. Per second : 0, total time : 0 ms
07:38:24.402 - Ticked widgets for 1 minute : 0. Per second : 0, total time : 0 ms
07:39:24.403 - Ticked widgets for 1 minute : 0. Per second : 0, total time : 0 ms
07:40:24.402 - Ticked widgets for 1 minute : 0. Per second : 0, total time : 0 ms
07:41:24.402 - Ticked widgets for 1 minute : 0. Per second : 0, total time : 0 ms
07:42:24.402 - Ticked widgets for 1 minute : 0. Per second : 0, total time : 0 ms
07:43:24.404 - Ticked widgets for 1 minute : 0. Per second : 0, total time : 0 ms
07:44:24.401 - Ticked widgets for 1 minute : 0. Per second : 0, total time : 0 ms
07:45:24.403 - Ticked widgets for 1 minute : 0. Per second : 0, total time : 0 ms
07:46:24.402 - Ticked widgets for 1 minute : 0. Per second : 0, total time : 0 ms
07:47:24.402 - Ticked widgets for 1 minute : 0. Per second : 0, total time : 0 ms
07:48:24.402 - Ticked widgets for 1 minute : 0. Per second : 0, total time : 0 ms
07:49:24.403 - Ticked widgets for 1 minute : 0. Per second : 0, total time : 0 ms
07:50:24.402 - Ticked widgets for 1 minute : 0. Per second : 0, total time : 0 ms
07:51:24.401 - Ticked widgets for 1 minute : 0. Per second : 0, total time : 0 ms
07:52:24.402 - Ticked widgets for 1 minute : 0. Per second : 0, total time : 0 ms
07:53:24.402 - Ticked widgets for 1 minute : 0. Per second : 0, total time : 0 ms
07:54:24.402 - Ticked widgets for 1 minute : 0. Per second : 0, total time : 0 ms
07:55:24.402 - Ticked widgets for 1 minute : 0. Per second : 0, total time : 0 ms
07:56:24.403 - Ticked widgets for 1 minute : 0. Per second : 0, total time : 0 ms
07:57:24.402 - Ticked widgets for 1 minute : 0. Per second : 0, total time : 0 ms
07:58:24.402 - Ticked widgets for 1 minute : 0. Per second : 0, total time : 0 ms
07:59:24.402 - Ticked widgets for 1 minute : 0. Per second : 0, total time : 0 ms
08:00:24.402 - Ticked widgets for 1 minute : 0. Per second : 0, total time : 0 ms
08:01:24.405 - Ticked widgets for 1 minute : 0. Per second : 0, total time : 0 ms
08:02:24.403 - Ticked widgets for 1 minute : 0. Per second : 0, total time : 0 ms
08:03:24.403 - Ticked widgets for 1 minute : 0. Per second : 0, total time : 0 ms
08:04:24.403 - Ticked widgets for 1 minute : 0. Per second : 0, total time : 0 ms
08:05:24.403 - Ticked widgets for 1 minute : 0. Per second : 0, total time : 0 ms
08:06:24.401 - Ticked widgets for 1 minute : 0. Per second : 0, total time : 0 ms
08:07:24.403 - Ticked widgets for 1 minute : 0. Per second : 0, total time : 0 ms
08:08:24.403 - Ticked widgets for 1 minute : 0. Per second : 0, total time : 0 ms
08:09:24.402 - Ticked widgets for 1 minute : 0. Per second : 0, total time : 0 ms
08:10:24.402 - Ticked widgets for 1 minute : 0. Per second : 0, total time : 0 ms
08:11:24.401 - Ticked widgets for 1 minute : 0. Per second : 0, total time : 0 ms
08:12:24.402 - Ticked widgets for 1 minute : 0. Per second : 0, total time : 0 ms
08:13:24.403 - Ticked widgets for 1 minute : 0. Per second : 0, total time : 0 ms
08:14:24.403 - Ticked widgets for 1 minute : 0. Per second : 0, total time : 0 ms
08:15:24.402 - Ticked widgets for 1 minute : 0. Per second : 0, total time : 0 ms
08:16:24.403 - Ticked widgets for 1 minute : 0. Per second : 0, total time : 0 ms
08:17:24.402 - Ticked widgets for 1 minute : 0. Per second : 0, total time : 0 ms
08:18:24.402 - Ticked widgets for 1 minute : 0. Per second : 0, total time : 0 ms
08:19:24.402 - Ticked widgets for 1 minute : 0. Per second : 0, total time : 0 ms
08:20:24.403 - Ticked widgets for 1 minute : 0. Per second : 0, total time : 0 ms
08:21:24.402 - Ticked widgets for 1 minute : 0. Per second : 0, total time : 0 ms
08:22:24.402 - Ticked widgets for 1 minute : 0. Per second : 0, total time : 0 ms
08:23:24.402 - Ticked widgets for 1 minute : 0. Per second : 0, total time : 0 ms
08:24:24.403 - Ticked widgets for 1 minute : 0. Per second : 0, total time : 0 ms
08:25:24.401 - Ticked widgets for 1 minute : 0. Per second : 0, total time : 0 ms
08:26:24.403 - Ticked widgets for 1 minute : 0. Per second : 0, total time : 0 ms
08:27:24.402 - Ticked widgets for 1 minute : 0. Per second : 0, total time : 0 ms
08:28:24.403 - Ticked widgets for 1 minute : 0. Per second : 0, total time : 0 ms
08:29:24.402 - Ticked widgets for 1 minute : 0. Per second : 0, total time : 0 ms
08:30:24.402 - Ticked widgets for 1 minute : 0. Per second : 0, total time : 0 ms
08:31:24.402 - Ticked widgets for 1 minute : 0. Per second : 0, total time : 0 ms
08:32:24.403 - Ticked widgets for 1 minute : 0. Per second : 0, total time : 0 ms
08:33:24.402 - Ticked widgets for 1 minute : 0. Per second : 0, total time : 0 ms
08:34:24.402 - Ticked widgets for 1 minute : 0. Per second : 0, total time : 0 ms
08:35:24.403 - Ticked widgets for 1 minute : 0. Per second : 0, total time : 0 ms
08:36:24.401 - Ticked widgets for 1 minute : 0. Per second : 0, total time : 0 ms
08:37:24.402 - Ticked widgets for 1 minute : 0. Per second : 0, total time : 0 ms
08:38:24.402 - Ticked widgets for 1 minute : 0. Per second : 0, total time : 0 ms
08:39:24.402 - Ticked widgets for 1 minute : 0. Per second : 0, total time : 0 ms
08:40:24.403 - Ticked widgets for 1 minute : 0. Per second : 0, total time : 0 ms
08:41:24.403 - Ticked widgets for 1 minute : 0. Per second : 0, total time : 0 ms
08:42:24.401 - Ticked widgets for 1 minute : 0. Per second : 0, total time : 0 ms
08:43:24.402 - Ticked widgets for 1 minute : 0. Per second : 0, total time : 0 ms
08:44:24.401 - Ticked widgets for 1 minute : 0. Per second : 0, total time : 0 ms
08:45:24.403 - Ticked widgets for 1 minute : 0. Per second : 0, total time : 0 ms
08:46:24.401 - Ticked widgets for 1 minute : 0. Per second : 0, total time : 0 ms
08:47:24.401 - Ticked widgets for 1 minute : 0. Per second : 0, total time : 0 ms
08:48:24.403 - Ticked widgets for 1 minute : 0. Per second : 0, total time : 0 ms
08:49:24.402 - Ticked widgets for 1 minute : 0. Per second : 0, total time : 0 ms
08:50:24.403 - Ticked widgets for 1 minute : 0. Per second : 0, total time : 0 ms
08:51:24.401 - Ticked widgets for 1 minute : 0. Per second : 0, total time : 0 ms
08:52:24.402 - Ticked widgets for 1 minute : 0. Per second : 0, total time : 0 ms
08:53:24.401 - Ticked widgets for 1 minute : 0. Per second : 0, total time : 0 ms
08:54:24.402 - Ticked widgets for 1 minute : 0. Per second : 0, total time : 0 ms
08:55:24.401 - Ticked widgets for 1 minute : 0. Per second : 0, total time : 0 ms
08:56:24.401 - Ticked widgets for 1 minute : 0. Per second : 0, total time : 0 ms
08:57:24.403 - Ticked widgets for 1 minute : 0. Per second : 0, total time : 0 ms
08:58:24.402 - Ticked widgets for 1 minute : 0. Per second : 0, total time : 0 ms
08:59:24.402 - Ticked widgets for 1 minute : 0. Per second : 0, total time : 0 ms
09:00:24.402 - Ticked widgets for 1 minute : 0. Per second : 0, total time : 0 ms
09:01:24.402 - Ticked widgets for 1 minute : 0. Per second : 0, total time : 0 ms
09:02:24.403 - Ticked widgets for 1 minute : 0. Per second : 0, total time : 0 ms
09:03:24.401 - Ticked widgets for 1 minute : 0. Per second : 0, total time : 0 ms
09:04:24.403 - Ticked widgets for 1 minute : 0. Per second : 0, total time : 0 ms
09:05:24.403 - Ticked widgets for 1 minute : 0. Per second : 0, total time : 0 ms
09:06:24.403 - Ticked widgets for 1 minute : 0. Per second : 0, total time : 0 ms
09:07:24.403 - Ticked widgets for 1 minute : 0. Per second : 0, total time : 0 ms
09:08:24.403 - Ticked widgets for 1 minute : 0. Per second : 0, total time : 0 ms
09:09:24.402 - Ticked widgets for 1 minute : 0. Per second : 0, total time : 0 ms
09:10:24.403 - Ticked widgets for 1 minute : 0. Per second : 0, total time : 0 ms
09:11:24.403 - Ticked widgets for 1 minute : 0. Per second : 0, total time : 0 ms
09:12:24.402 - Ticked widgets for 1 minute : 0. Per second : 0, total time : 0 ms
09:13:24.401 - Ticked widgets for 1 minute : 0. Per second : 0, total time : 0 ms
09:14:24.402 - Ticked widgets for 1 minute : 0. Per second : 0, total time : 0 ms
09:15:24.401 - Ticked widgets for 1 minute : 0. Per second : 0, total time : 0 ms
09:16:24.402 - Ticked widgets for 1 minute : 0. Per second : 0, total time : 0 ms
09:17:24.402 - Ticked widgets for 1 minute : 0. Per second : 0, total time : 0 ms
09:18:24.401 - Ticked widgets for 1 minute : 0. Per second : 0, total time : 0 ms
09:19:24.403 - Ticked widgets for 1 minute : 0. Per second : 0, total time : 1 ms
09:20:24.403 - Ticked widgets for 1 minute : 0. Per second : 0, total time : 0 ms
09:21:24.403 - Ticked widgets for 1 minute : 0. Per second : 0, total time : 0 ms
09:22:24.402 - Ticked widgets for 1 minute : 0. Per second : 0, total time : 0 ms
09:23:24.403 - Ticked widgets for 1 minute : 0. Per second : 0, total time : 0 ms
09:24:24.401 - Ticked widgets for 1 minute : 0. Per second : 0, total time : 0 ms
09:25:24.401 - Ticked widgets for 1 minute : 0. Per second : 0, total time : 0 ms
09:26:24.401 - Ticked widgets for 1 minute : 0. Per second : 0, total time : 0 ms
09:27:24.403 - Ticked widgets for 1 minute : 0. Per second : 0, total time : 0 ms
09:28:24.402 - Ticked widgets for 1 minute : 0. Per second : 0, total time : 0 ms
09:29:24.402 - Ticked widgets for 1 minute : 0. Per second : 0, total time : 0 ms
09:30:24.402 - Ticked widgets for 1 minute : 0. Per second : 0, total time : 0 ms
09:31:24.402 - Ticked widgets for 1 minute : 0. Per second : 0, total time : 0 ms
09:32:24.401 - Ticked widgets for 1 minute : 0. Per second : 0, total time : 0 ms
09:33:24.403 - Ticked widgets for 1 minute : 0. Per second : 0, total time : 0 ms
09:34:24.403 - Ticked widgets for 1 minute : 0. Per second : 0, total time : 0 ms
09:35:24.401 - Ticked widgets for 1 minute : 0. Per second : 0, total time : 0 ms
09:36:24.402 - Ticked widgets for 1 minute : 0. Per second : 0, total time : 0 ms
09:37:24.403 - Ticked widgets for 1 minute : 0. Per second : 0, total time : 0 ms
09:38:24.403 - Ticked widgets for 1 minute : 0. Per second : 0, total time : 0 ms
09:39:24.401 - Ticked widgets for 1 minute : 0. Per second : 0, total time : 0 ms
09:40:24.403 - Ticked widgets for 1 minute : 0. Per second : 0, total time : 0 ms
09:41:24.401 - Ticked widgets for 1 minute : 0. Per second : 0, total time : 0 ms
09:42:24.402 - Ticked widgets for 1 minute : 0. Per second : 0, total time : 0 ms
09:43:24.403 - Ticked widgets for 1 minute : 0. Per second : 0, total time : 0 ms
09:44:24.402 - Ticked widgets for 1 minute : 0. Per second : 0, total time : 0 ms
09:45:24.402 - Ticked widgets for 1 minute : 0. Per second : 0, total time : 0 ms
09:46:24.402 - Ticked widgets for 1 minute : 0. Per second : 0, total time : 0 ms
09:47:24.402 - Ticked widgets for 1 minute : 0. Per second : 0, total time : 0 ms
09:48:24.401 - Ticked widgets for 1 minute : 0. Per second : 0, total time : 0 ms
09:49:24.402 - Ticked widgets for 1 minute : 0. Per second : 0, total time : 0 ms
09:50:24.403 - Ticked widgets for 1 minute : 0. Per second : 0, total time : 0 ms
09:51:24.402 - Ticked widgets for 1 minute : 0. Per second : 0, total time : 0 ms
09:52:24.403 - Ticked widgets for 1 minute : 0. Per second : 0, total time : 0 ms
09:53:24.403 - Ticked widgets for 1 minute : 0. Per second : 0, total time : 1 ms
09:54:24.402 - Ticked widgets for 1 minute : 0. Per second : 0, total time : 0 ms
09:55:24.402 - Ticked widgets for 1 minute : 0. Per second : 0, total time : 0 ms
09:56:24.401 - Ticked widgets for 1 minute : 0. Per second : 0, total time : 0 ms
09:57:24.402 - Ticked widgets for 1 minute : 0. Per second : 0, total time : 0 ms
09:58:24.403 - Ticked widgets for 1 minute : 0. Per second : 0, total time : 0 ms
09:59:24.401 - Ticked widgets for 1 minute : 0. Per second : 0, total time : 0 ms
10:00:24.402 - Ticked widgets for 1 minute : 0. Per second : 0, total time : 0 ms
10:01:24.402 - Ticked widgets for 1 minute : 0. Per second : 0, total time : 0 ms
10:02:24.401 - Ticked widgets for 1 minute : 0. Per second : 0, total time : 0 ms
10:03:24.406 - Ticked widgets for 1 minute : 0. Per second : 0, total time : 0 ms
10:04:24.403 - Ticked widgets for 1 minute : 0. Per second : 0, total time : 0 ms
10:05:24.401 - Ticked widgets for 1 minute : 0. Per second : 0, total time : 0 ms
10:06:24.402 - Ticked widgets for 1 minute : 0. Per second : 0, total time : 0 ms
10:07:24.402 - Ticked widgets for 1 minute : 0. Per second : 0, total time : 0 ms
10:08:24.402 - Ticked widgets for 1 minute : 0. Per second : 0, total time : 0 ms
10:09:24.403 - Ticked widgets for 1 minute : 0. Per second : 0, total time : 0 ms
10:10:24.402 - Ticked widgets for 1 minute : 0. Per second : 0, total time : 0 ms
10:11:24.401 - Ticked widgets for 1 minute : 0. Per second : 0, total time : 0 ms
10:12:24.402 - Ticked widgets for 1 minute : 0. Per second : 0, total time : 0 ms
10:13:24.402 - Ticked widgets for 1 minute : 0. Per second : 0, total time : 0 ms
10:14:24.403 - Ticked widgets for 1 minute : 0. Per second : 0, total time : 0 ms
10:15:24.402 - Ticked widgets for 1 minute : 0. Per second : 0, total time : 0 ms
10:16:24.403 - Ticked widgets for 1 minute : 0. Per second : 0, total time : 0 ms
10:17:24.402 - Ticked widgets for 1 minute : 0. Per second : 0, total time : 0 ms
10:18:24.403 - Ticked widgets for 1 minute : 0. Per second : 0, total time : 0 ms
10:19:24.401 - Ticked widgets for 1 minute : 0. Per second : 0, total time : 0 ms
10:20:24.402 - Ticked widgets for 1 minute : 0. Per second : 0, total time : 0 ms
10:21:24.401 - Ticked widgets for 1 minute : 0. Per second : 0, total time : 1 ms
10:22:24.403 - Ticked widgets for 1 minute : 0. Per second : 0, total time : 0 ms
10:23:24.402 - Ticked widgets for 1 minute : 0. Per second : 0, total time : 0 ms
10:24:24.401 - Ticked widgets for 1 minute : 0. Per second : 0, total time : 0 ms
10:25:24.403 - Ticked widgets for 1 minute : 0. Per second : 0, total time : 0 ms
10:26:24.402 - Ticked widgets for 1 minute : 0. Per second : 0, total time : 0 ms
10:27:24.402 - Ticked widgets for 1 minute : 0. Per second : 0, total time : 0 ms
10:28:24.402 - Ticked widgets for 1 minute : 0. Per second : 0, total time : 0 ms
10:29:24.402 - Ticked widgets for 1 minute : 0. Per second : 0, total time : 0 ms
10:30:24.403 - Ticked widgets for 1 minute : 0. Per second : 0, total time : 0 ms
10:31:24.403 - Ticked widgets for 1 minute : 0. Per second : 0, total time : 0 ms
10:32:24.402 - Ticked widgets for 1 minute : 0. Per second : 0, total time : 0 ms
10:33:24.401 - Ticked widgets for 1 minute : 0. Per second : 0, total time : 0 ms
10:34:24.403 - Ticked widgets for 1 minute : 0. Per second : 0, total time : 0 ms
10:35:24.403 - Ticked widgets for 1 minute : 0. Per second : 0, total time : 0 ms
10:36:24.403 - Ticked widgets for 1 minute : 0. Per second : 0, total time : 0 ms
10:37:24.402 - Ticked widgets for 1 minute : 0. Per second : 0, total time : 0 ms
10:38:24.403 - Ticked widgets for 1 minute : 0. Per second : 0, total time : 0 ms
10:39:24.403 - Ticked widgets for 1 minute : 0. Per second : 0, total time : 0 ms
10:40:24.401 - Ticked widgets for 1 minute : 0. Per second : 0, total time : 0 ms
10:41:24.402 - Ticked widgets for 1 minute : 0. Per second : 0, total time : 0 ms
10:42:24.402 - Ticked widgets for 1 minute : 0. Per second : 0, total time : 0 ms
10:43:24.401 - Ticked widgets for 1 minute : 0. Per second : 0, total time : 0 ms
10:44:24.403 - Ticked widgets for 1 minute : 0. Per second : 0, total time : 0 ms
10:45:24.402 - Ticked widgets for 1 minute : 0. Per second : 0, total time : 0 ms
10:46:24.402 - Ticked widgets for 1 minute : 0. Per second : 0, total time : 0 ms
10:47:24.402 - Ticked widgets for 1 minute : 0. Per second : 0, total time : 0 ms
10:48:24.403 - Ticked widgets for 1 minute : 0. Per second : 0, total time : 0 ms
10:49:24.402 - Ticked widgets for 1 minute : 0. Per second : 0, total time : 0 ms
10:50:24.403 - Ticked widgets for 1 minute : 0. Per second : 0, total time : 0 ms
10:51:24.402 - Ticked widgets for 1 minute : 0. Per second : 0, total time : 0 ms
10:52:24.402 - Ticked widgets for 1 minute : 0. Per second : 0, total time : 0 ms
10:53:24.402 - Ticked widgets for 1 minute : 0. Per second : 0, total time : 0 ms
10:54:24.403 - Ticked widgets for 1 minute : 0. Per second : 0, total time : 0 ms
10:55:24.402 - Ticked widgets for 1 minute : 0. Per second : 0, total time : 0 ms
10:56:24.403 - Ticked widgets for 1 minute : 0. Per second : 0, total time : 0 ms
10:57:24.402 - Ticked widgets for 1 minute : 0. Per second : 0, total time : 0 ms
10:58:24.402 - Ticked widgets for 1 minute : 0. Per second : 0, total time : 0 ms
10:59:24.402 - Ticked widgets for 1 minute : 0. Per second : 0, total time : 0 ms
11:00:24.401 - Ticked widgets for 1 minute : 0. Per second : 0, total time : 0 ms
11:01:24.402 - Ticked widgets for 1 minute : 0. Per second : 0, total time : 0 ms
11:02:24.402 - Ticked widgets for 1 minute : 0. Per second : 0, total time : 0 ms
11:03:24.403 - Ticked widgets for 1 minute : 0. Per second : 0, total time : 0 ms
11:04:24.403 - Ticked widgets for 1 minute : 0. Per second : 0, total time : 0 ms
11:05:24.401 - Ticked widgets for 1 minute : 0. Per second : 0, total time : 0 ms
11:06:24.402 - Ticked widgets for 1 minute : 0. Per second : 0, total time : 0 ms
11:07:24.402 - Ticked widgets for 1 minute : 0. Per second : 0, total time : 0 ms
11:08:24.401 - Ticked widgets for 1 minute : 0. Per second : 0, total time : 0 ms
11:09:24.403 - Ticked widgets for 1 minute : 0. Per second : 0, total time : 0 ms
11:10:24.401 - Ticked widgets for 1 minute : 0. Per second : 0, total time : 0 ms
11:11:24.403 - Ticked widgets for 1 minute : 0. Per second : 0, total time : 0 ms
11:12:24.401 - Ticked widgets for 1 minute : 0. Per second : 0, total time : 0 ms
11:13:24.402 - Ticked widgets for 1 minute : 0. Per second : 0, total time : 0 ms
11:14:24.402 - Ticked widgets for 1 minute : 0. Per second : 0, total time : 0 ms
11:15:24.403 - Ticked widgets for 1 minute : 0. Per second : 0, total time : 0 ms
11:16:24.403 - Ticked widgets for 1 minute : 0. Per second : 0, total time : 0 ms
11:17:24.403 - Ticked widgets for 1 minute : 0. Per second : 0, total time : 0 ms
11:18:24.402 - Ticked widgets for 1 minute : 0. Per second : 0, total time : 0 ms
11:19:24.403 - Ticked widgets for 1 minute : 0. Per second : 0, total time : 0 ms
11:20:24.403 - Ticked widgets for 1 minute : 0. Per second : 0, total time : 0 ms
11:21:24.402 - Ticked widgets for 1 minute : 0. Per second : 0, total time : 0 ms
11:22:24.402 - Ticked widgets for 1 minute : 0. Per second : 0, total time : 0 ms
11:23:24.402 - Ticked widgets for 1 minute : 0. Per second : 0, total time : 0 ms
11:24:24.403 - Ticked widgets for 1 minute : 0. Per second : 0, total time : 0 ms
11:25:24.403 - Ticked widgets for 1 minute : 0. Per second : 0, total time : 0 ms
11:26:24.403 - Ticked widgets for 1 minute : 0. Per second : 0, total time : 0 ms
11:27:24.402 - Ticked widgets for 1 minute : 0. Per second : 0, total time : 0 ms
11:28:24.402 - Ticked widgets for 1 minute : 0. Per second : 0, total time : 0 ms
11:29:24.402 - Ticked widgets for 1 minute : 0. Per second : 0, total time : 0 ms
11:30:24.402 - Ticked widgets for 1 minute : 0. Per second : 0, total time : 0 ms
11:31:24.403 - Ticked widgets for 1 minute : 0. Per second : 0, total time : 0 ms
11:32:24.403 - Ticked widgets for 1 minute : 0. Per second : 0, total time : 0 ms
11:33:24.403 - Ticked widgets for 1 minute : 0. Per second : 0, total time : 0 ms
11:34:24.403 - Ticked widgets for 1 minute : 0. Per second : 0, total time : 0 ms
11:35:24.402 - Ticked widgets for 1 minute : 0. Per second : 0, total time : 0 ms
11:36:24.403 - Ticked widgets for 1 minute : 0. Per second : 0, total time : 0 ms
11:37:24.401 - Ticked widgets for 1 minute : 0. Per second : 0, total time : 0 ms
11:38:24.402 - Ticked widgets for 1 minute : 0. Per second : 0, total time : 0 ms
11:39:24.401 - Ticked widgets for 1 minute : 0. Per second : 0, total time : 0 ms
11:40:24.402 - Ticked widgets for 1 minute : 0. Per second : 0, total time : 0 ms
11:41:24.402 - Ticked widgets for 1 minute : 0. Per second : 0, total time : 0 ms
11:42:24.402 - Ticked widgets for 1 minute : 0. Per second : 0, total time : 0 ms
11:43:24.403 - Ticked widgets for 1 minute : 0. Per second : 0, total time : 0 ms
11:44:24.403 - Ticked widgets for 1 minute : 0. Per second : 0, total time : 0 ms
11:45:24.403 - Ticked widgets for 1 minute : 0. Per second : 0, total time : 0 ms
11:46:24.402 - Ticked widgets for 1 minute : 0. Per second : 0, total time : 0 ms
11:47:24.403 - Ticked widgets for 1 minute : 0. Per second : 0, total time : 0 ms
11:48:24.402 - Ticked widgets for 1 minute : 0. Per second : 0, total time : 0 ms
11:49:24.401 - Ticked widgets for 1 minute : 0. Per second : 0, total time : 0 ms
11:50:24.402 - Ticked widgets for 1 minute : 0. Per second : 0, total time : 0 ms
11:51:24.402 - Ticked widgets for 1 minute : 0. Per second : 0, total time : 0 ms
11:52:24.401 - Ticked widgets for 1 minute : 0. Per second : 0, total time : 0 ms
11:53:24.403 - Ticked widgets for 1 minute : 0. Per second : 0, total time : 0 ms
11:54:24.402 - Ticked widgets for 1 minute : 0. Per second : 0, total time : 0 ms
11:55:24.401 - Ticked widgets for 1 minute : 0. Per second : 0, total time : 0 ms
11:56:24.403 - Ticked widgets for 1 minute : 0. Per second : 0, total time : 0 ms
11:57:24.401 - Ticked widgets for 1 minute : 0. Per second : 0, total time : 0 ms
11:58:24.402 - Ticked widgets for 1 minute : 0. Per second : 0, total time : 0 ms
11:59:24.402 - Ticked widgets for 1 minute : 0. Per second : 0, total time : 0 ms
12:00:24.402 - Ticked widgets for 1 minute : 0. Per second : 0, total time : 0 ms
12:01:24.403 - Ticked widgets for 1 minute : 0. Per second : 0, total time : 0 ms
12:02:24.402 - Ticked widgets for 1 minute : 0. Per second : 0, total time : 0 ms
12:03:24.402 - Ticked widgets for 1 minute : 0. Per second : 0, total time : 0 ms
12:04:24.403 - Ticked widgets for 1 minute : 0. Per second : 0, total time : 0 ms
12:05:24.403 - Ticked widgets for 1 minute : 0. Per second : 0, total time : 0 ms
12:06:24.403 - Ticked widgets for 1 minute : 0. Per second : 0, total time : 0 ms
12:07:24.402 - Ticked widgets for 1 minute : 0. Per second : 0, total time : 0 ms
12:08:24.401 - Ticked widgets for 1 minute : 0. Per second : 0, total time : 0 ms
12:09:24.402 - Ticked widgets for 1 minute : 0. Per second : 0, total time : 0 ms
12:10:24.401 - Ticked widgets for 1 minute : 0. Per second : 0, total time : 0 ms
12:11:24.402 - Ticked widgets for 1 minute : 0. Per second : 0, total time : 0 ms
12:12:24.402 - Ticked widgets for 1 minute : 0. Per second : 0, total time : 0 ms
12:13:24.402 - Ticked widgets for 1 minute : 0. Per second : 0, total time : 0 ms
12:14:24.401 - Ticked widgets for 1 minute : 0. Per second : 0, total time : 0 ms
12:15:24.402 - Ticked widgets for 1 minute : 0. Per second : 0, total time : 0 ms
12:16:24.402 - Ticked widgets for 1 minute : 0. Per second : 0, total time : 0 ms
12:17:24.402 - Ticked widgets for 1 minute : 0. Per second : 0, total time : 0 ms
12:18:24.402 - Ticked widgets for 1 minute : 0. Per second : 0, total time : 0 ms
12:19:24.402 - Ticked widgets for 1 minute : 0. Per second : 0, total time : 0 ms
12:20:24.401 - Ticked widgets for 1 minute : 0. Per second : 0, total time : 0 ms
12:21:24.403 - Ticked widgets for 1 minute : 0. Per second : 0, total time : 0 ms
12:22:24.401 - Ticked widgets for 1 minute : 0. Per second : 0, total time : 0 ms
12:23:24.402 - Ticked widgets for 1 minute : 0. Per second : 0, total time : 0 ms
12:24:24.403 - Ticked widgets for 1 minute : 0. Per second : 0, total time : 0 ms
12:25:24.402 - Ticked widgets for 1 minute : 0. Per second : 0, total time : 0 ms
12:26:24.403 - Ticked widgets for 1 minute : 0. Per second : 0, total time : 0 ms
12:27:24.403 - Ticked widgets for 1 minute : 0. Per second : 0, total time : 0 ms
12:28:24.403 - Ticked widgets for 1 minute : 0. Per second : 0, total time : 0 ms
12:29:24.401 - Ticked widgets for 1 minute : 0. Per second : 0, total time : 0 ms
12:30:24.402 - Ticked widgets for 1 minute : 0. Per second : 0, total time : 7 ms
12:31:24.402 - Ticked widgets for 1 minute : 0. Per second : 0, total time : 0 ms
12:32:24.402 - Ticked widgets for 1 minute : 0. Per second : 0, total time : 0 ms
12:33:24.403 - Ticked widgets for 1 minute : 0. Per second : 0, total time : 1 ms
12:34:24.403 - Ticked widgets for 1 minute : 0. Per second : 0, total time : 0 ms
12:35:24.401 - Ticked widgets for 1 minute : 0. Per second : 0, total time : 0 ms
12:36:24.402 - Ticked widgets for 1 minute : 0. Per second : 0, total time : 1 ms
12:37:24.403 - Ticked widgets for 1 minute : 0. Per second : 0, total time : 0 ms
12:38:24.403 - Ticked widgets for 1 minute : 0. Per second : 0, total time : 0 ms
12:39:24.402 - Ticked widgets for 1 minute : 0. Per second : 0, total time : 8 ms
12:40:24.402 - Ticked widgets for 1 minute : 0. Per second : 0, total time : 7 ms
12:41:24.402 - Ticked widgets for 1 minute : 0. Per second : 0, total time : 0 ms
12:42:24.402 - Ticked widgets for 1 minute : 0. Per second : 0, total time : 0 ms
12:43:24.402 - Ticked widgets for 1 minute : 0. Per second : 0, total time : 2 ms
12:44:24.402 - Ticked widgets for 1 minute : 0. Per second : 0, total time : 5 ms
12:45:24.402 - Ticked widgets for 1 minute : 0. Per second : 0, total time : 3 ms
12:46:24.401 - Ticked widgets for 1 minute : 0. Per second : 0, total time : 0 ms
12:47:24.402 - Ticked widgets for 1 minute : 0. Per second : 0, total time : 0 ms
12:48:24.402 - Ticked widgets for 1 minute : 0. Per second : 0, total time : 1 ms
12:49:24.403 - Ticked widgets for 1 minute : 0. Per second : 0, total time : 1 ms
12:50:24.401 - Ticked widgets for 1 minute : 0. Per second : 0, total time : 3 ms
12:51:24.402 - Ticked widgets for 1 minute : 0. Per second : 0, total time : 5 ms
12:52:24.403 - Ticked widgets for 1 minute : 0. Per second : 0, total time : 0 ms
12:53:24.403 - Ticked widgets for 1 minute : 0. Per second : 0, total time : 0 ms
12:54:24.401 - Ticked widgets for 1 minute : 0. Per second : 0, total time : 2 ms
12:55:24.403 - Ticked widgets for 1 minute : 0. Per second : 0, total time : 0 ms
12:56:24.401 - Ticked widgets for 1 minute : 0. Per second : 0, total time : 1 ms
12:57:24.402 - Ticked widgets for 1 minute : 0. Per second : 0, total time : 0 ms
12:58:24.403 - Ticked widgets for 1 minute : 0. Per second : 0, total time : 1 ms
12:59:24.402 - Ticked widgets for 1 minute : 0. Per second : 0, total time : 1 ms
13:00:24.403 - Ticked widgets for 1 minute : 0. Per second : 0, total time : 6 ms
13:01:24.403 - Ticked widgets for 1 minute : 0. Per second : 0, total time : 24 ms
13:02:24.402 - Ticked widgets for 1 minute : 0. Per second : 0, total time : 13 ms
13:03:24.407 - Ticked widgets for 1 minute : 0. Per second : 0, total time : 9 ms
13:04:24.403 - Ticked widgets for 1 minute : 0. Per second : 0, total time : 3 ms
13:05:24.403 - Ticked widgets for 1 minute : 0. Per second : 0, total time : 0 ms
13:06:24.401 - Ticked widgets for 1 minute : 0. Per second : 0, total time : 0 ms
13:07:24.402 - Ticked widgets for 1 minute : 0. Per second : 0, total time : 0 ms
13:08:24.402 - Ticked widgets for 1 minute : 0. Per second : 0, total time : 0 ms
13:09:24.403 - Ticked widgets for 1 minute : 0. Per second : 0, total time : 0 ms
13:10:24.402 - Ticked widgets for 1 minute : 0. Per second : 0, total time : 0 ms
13:11:24.403 - Ticked widgets for 1 minute : 0. Per second : 0, total time : 0 ms
13:12:24.403 - Ticked widgets for 1 minute : 0. Per second : 0, total time : 0 ms
13:13:24.401 - Ticked widgets for 1 minute : 0. Per second : 0, total time : 0 ms
13:14:24.403 - Ticked widgets for 1 minute : 0. Per second : 0, total time : 0 ms
13:15:24.402 - Ticked widgets for 1 minute : 0. Per second : 0, total time : 0 ms
13:16:24.402 - Ticked widgets for 1 minute : 0. Per second : 0, total time : 0 ms
13:17:24.402 - Ticked widgets for 1 minute : 0. Per second : 0, total time : 0 ms
13:18:24.401 - Ticked widgets for 1 minute : 0. Per second : 0, total time : 0 ms
13:19:24.401 - Ticked widgets for 1 minute : 0. Per second : 0, total time : 0 ms
13:20:24.402 - Ticked widgets for 1 minute : 0. Per second : 0, total time : 0 ms
13:21:24.402 - Ticked widgets for 1 minute : 0. Per second : 0, total time : 0 ms
13:22:24.402 - Ticked widgets for 1 minute : 0. Per second : 0, total time : 0 ms
13:23:24.402 - Ticked widgets for 1 minute : 0. Per second : 0, total time : 0 ms
13:24:24.401 - Ticked widgets for 1 minute : 0. Per second : 0, total time : 0 ms
13:25:24.403 - Ticked widgets for 1 minute : 0. Per second : 0, total time : 3 ms
13:26:24.403 - Ticked widgets for 1 minute : 0. Per second : 0, total time : 1 ms
13:27:24.402 - Ticked widgets for 1 minute : 0. Per second : 0, total time : 3 ms
13:28:24.402 - Ticked widgets for 1 minute : 0. Per second : 0, total time : 0 ms
13:29:24.402 - Ticked widgets for 1 minute : 0. Per second : 0, total time : 2 ms
13:30:24.403 - Ticked widgets for 1 minute : 0. Per second : 0, total time : 3 ms
13:31:24.403 - Ticked widgets for 1 minute : 0. Per second : 0, total time : 2 ms
13:32:24.402 - Ticked widgets for 1 minute : 0. Per second : 0, total time : 1 ms
13:33:24.401 - Ticked widgets for 1 minute : 0. Per second : 0, total time : 1 ms
13:34:24.402 - Ticked widgets for 1 minute : 0. Per second : 0, total time : 0 ms
13:35:24.403 - Ticked widgets for 1 minute : 0. Per second : 0, total time : 2 ms
13:36:24.401 - Ticked widgets for 1 minute : 0. Per second : 0, total time : 6 ms
13:37:24.414 - Ticked widgets for 1 minute : 0. Per second : 0, total time : 13 ms
13:38:24.406 - Ticked widgets for 1 minute : 0. Per second : 0, total time : 8 ms
13:39:24.401 - Ticked widgets for 1 minute : 0. Per second : 0, total time : 8 ms
13:40:24.404 - Ticked widgets for 1 minute : 0. Per second : 0, total time : 23 ms
13:41:24.403 - Ticked widgets for 1 minute : 0. Per second : 0, total time : 3 ms
13:42:24.402 - Ticked widgets for 1 minute : 0. Per second : 0, total time : 1 ms
13:43:24.403 - Ticked widgets for 1 minute : 0. Per second : 0, total time : 1 ms
13:44:24.404 - Ticked widgets for 1 minute : 0. Per second : 0, total time : 3 ms
13:45:24.401 - Ticked widgets for 1 minute : 0. Per second : 0, total time : 2 ms
13:46:24.402 - Ticked widgets for 1 minute : 0. Per second : 0, total time : 1 ms
13:47:24.402 - Ticked widgets for 1 minute : 0. Per second : 0, total time : 0 ms
13:48:24.402 - Ticked widgets for 1 minute : 0. Per second : 0, total time : 3 ms
13:49:24.402 - Ticked widgets for 1 minute : 0. Per second : 0, total time : 2 ms
13:50:24.402 - Ticked widgets for 1 minute : 0. Per second : 0, total time : 2 ms
13:51:24.402 - Ticked widgets for 1 minute : 0. Per second : 0, total time : 4 ms
13:52:24.402 - Ticked widgets for 1 minute : 0. Per second : 0, total time : 0 ms
13:53:24.402 - Ticked widgets for 1 minute : 0. Per second : 0, total time : 5 ms
13:54:24.402 - Ticked widgets for 1 minute : 0. Per second : 0, total time : 4 ms
13:55:24.403 - Ticked widgets for 1 minute : 0. Per second : 0, total time : 2 ms
13:56:24.412 - Ticked widgets for 1 minute : 0. Per second : 0, total time : 5 ms
13:57:24.403 - Ticked widgets for 1 minute : 0. Per second : 0, total time : 2 ms
13:58:24.401 - Ticked widgets for 1 minute : 0. Per second : 0, total time : 3 ms
13:59:24.402 - Ticked widgets for 1 minute : 0. Per second : 0, total time : 2 ms
14:00:24.404 - Ticked widgets for 1 minute : 0. Per second : 0, total time : 2 ms
14:01:24.402 - Ticked widgets for 1 minute : 0. Per second : 0, total time : 1 ms
14:02:24.401 - Ticked widgets for 1 minute : 0. Per second : 0, total time : 2 ms
14:03:24.402 - Ticked widgets for 1 minute : 0. Per second : 0, total time : 2 ms
14:04:24.403 - Ticked widgets for 1 minute : 0. Per second : 0, total time : 0 ms
14:05:24.402 - Ticked widgets for 1 minute : 0. Per second : 0, total time : 2 ms
14:06:24.401 - Ticked widgets for 1 minute : 0. Per second : 0, total time : 0 ms
14:07:24.402 - Ticked widgets for 1 minute : 0. Per second : 0, total time : 1 ms
14:08:24.403 - Ticked widgets for 1 minute : 0. Per second : 0, total time : 1 ms
14:09:24.403 - Ticked widgets for 1 minute : 0. Per second : 0, total time : 0 ms
14:10:24.403 - Ticked widgets for 1 minute : 0. Per second : 0, total time : 0 ms
14:11:24.402 - Ticked widgets for 1 minute : 0. Per second : 0, total time : 3 ms
14:12:24.402 - Ticked widgets for 1 minute : 0. Per second : 0, total time : 1 ms
14:13:24.408 - Ticked widgets for 1 minute : 0. Per second : 0, total time : 0 ms
14:14:24.401 - Ticked widgets for 1 minute : 0. Per second : 0, total time : 3 ms
14:15:24.402 - Ticked widgets for 1 minute : 0. Per second : 0, total time : 1 ms
14:16:24.402 - Ticked widgets for 1 minute : 0. Per second : 0, total time : 0 ms
14:17:24.401 - Ticked widgets for 1 minute : 0. Per second : 0, total time : 2 ms
14:18:24.402 - Ticked widgets for 1 minute : 0. Per second : 0, total time : 21 ms
14:19:24.420 - Ticked widgets for 1 minute : 0. Per second : 0, total time : 13 ms
14:20:24.401 - Ticked widgets for 1 minute : 0. Per second : 0, total time : 12 ms
14:21:24.402 - Ticked widgets for 1 minute : 0. Per second : 0, total time : 8 ms
14:22:24.403 - Ticked widgets for 1 minute : 0. Per second : 0, total time : 1 ms
14:23:24.403 - Ticked widgets for 1 minute : 0. Per second : 0, total time : 29 ms
14:24:24.401 - Ticked widgets for 1 minute : 0. Per second : 0, total time : 9 ms
14:25:24.402 - Ticked widgets for 1 minute : 0. Per second : 0, total time : 18 ms
14:26:24.406 - Ticked widgets for 1 minute : 0. Per second : 0, total time : 18 ms
14:27:24.421 - Ticked widgets for 1 minute : 0. Per second : 0, total time : 13 ms
14:28:24.406 - Ticked widgets for 1 minute : 0. Per second : 0, total time : 26 ms
14:29:24.403 - Ticked widgets for 1 minute : 0. Per second : 0, total time : 36 ms
14:30:24.402 - Ticked widgets for 1 minute : 0. Per second : 0, total time : 18 ms
14:31:24.403 - Ticked widgets for 1 minute : 0. Per second : 0, total time : 40 ms
14:32:24.406 - Ticked widgets for 1 minute : 0. Per second : 0, total time : 23 ms
14:33:24.402 - Ticked widgets for 1 minute : 0. Per second : 0, total time : 27 ms
14:34:24.402 - Ticked widgets for 1 minute : 0. Per second : 0, total time : 30 ms
14:35:24.409 - Ticked widgets for 1 minute : 0. Per second : 0, total time : 18 ms
14:36:24.426 - Ticked widgets for 1 minute : 0. Per second : 0, total time : 38 ms
14:37:24.402 - Ticked widgets for 1 minute : 0. Per second : 0, total time : 27 ms
14:38:24.401 - Ticked widgets for 1 minute : 0. Per second : 0, total time : 2 ms
14:39:24.401 - Ticked widgets for 1 minute : 0. Per second : 0, total time : 0 ms
14:40:24.402 - Ticked widgets for 1 minute : 0. Per second : 0, total time : 1 ms
14:41:24.403 - Ticked widgets for 1 minute : 0. Per second : 0, total time : 2 ms
14:42:24.401 - Ticked widgets for 1 minute : 0. Per second : 0, total time : 18 ms
14:43:24.402 - Ticked widgets for 1 minute : 0. Per second : 0, total time : 4 ms
14:44:24.403 - Ticked widgets for 1 minute : 0. Per second : 0, total time : 2 ms
14:45:24.402 - Ticked widgets for 1 minute : 0. Per second : 0, total time : 1 ms
14:46:24.403 - Ticked widgets for 1 minute : 0. Per second : 0, total time : 2 ms
14:47:24.402 - Ticked widgets for 1 minute : 0. Per second : 0, total time : 3 ms
14:48:24.403 - Ticked widgets for 1 minute : 0. Per second : 0, total time : 2 ms
14:49:24.403 - Ticked widgets for 1 minute : 0. Per second : 0, total time : 11 ms
14:50:24.402 - Ticked widgets for 1 minute : 0. Per second : 0, total time : 9 ms
14:51:24.403 - Ticked widgets for 1 minute : 0. Per second : 0, total time : 6 ms
14:52:24.408 - Ticked widgets for 1 minute : 0. Per second : 0, total time : 5 ms
14:53:24.412 - Ticked widgets for 1 minute : 0. Per second : 0, total time : 12 ms
14:54:24.404 - Ticked widgets for 1 minute : 0. Per second : 0, total time : 88 ms
14:55:24.403 - Ticked widgets for 1 minute : 0. Per second : 0, total time : 12 ms
14:56:24.422 - Ticked widgets for 1 minute : 0. Per second : 0, total time : 39 ms
