00:02:06.607 ERROR- Error sending email auth token to user : nasserbek@yahoo.it. Error: 535-5.7.8 Username and Password not accepted. For more information, go to
535 5.7.8  https://support.google.com/mail/?p=BadCredentials 5b1f17b1804b1-4922fa8b423sm108583975e9.11 - gsmtp

00:02:08.957 ERROR- Error sending email auth token to user : nasserbek@yahoo.it. Error: 535-5.7.8 Username and Password not accepted. For more information, go to
535 5.7.8  https://support.google.com/mail/?p=BadCredentials 5b1f17b1804b1-49233bdf5fasm12951645e9.1 - gsmtp

00:04:08.317 INFO - nasserbek@yahoo.it hardware joined.
00:10:49.843 INFO - nasserbek@yahoo.it hardware joined.
00:17:18.168 INFO - nasserbek@yahoo.it hardware joined.
00:17:56.716 INFO - nasserbek@yahoo.it hardware joined.
00:18:22.632 INFO - nasserbek@yahoo.it hardware joined.
00:18:34.359 INFO - nasserbek@yahoo.it hardware joined.
00:18:46.078 INFO - nasserbek@yahoo.it hardware joined.
00:18:57.984 INFO - nasserbek@yahoo.it hardware joined.
00:19:09.523 INFO - nasserbek@yahoo.it hardware joined.
00:19:21.219 INFO - nasserbek@yahoo.it hardware joined.
00:19:32.953 INFO - nasserbek@yahoo.it hardware joined.
00:19:44.761 INFO - nasserbek@yahoo.it hardware joined.
00:19:56.575 INFO - nasserbek@yahoo.it hardware joined.
00:20:37.290 INFO - nasserbek@yahoo.it hardware joined.
00:20:53.166 INFO - nasserbek@yahoo.it hardware joined.
00:21:17.674 INFO - nasserbek@yahoo.it hardware joined.
00:21:29.484 INFO - nasserbek@yahoo.it hardware joined.
00:21:41.190 INFO - nasserbek@yahoo.it hardware joined.
00:21:52.913 INFO - nasserbek@yahoo.it hardware joined.
00:22:04.655 INFO - nasserbek@yahoo.it hardware joined.
00:22:16.245 INFO - nasserbek@yahoo.it hardware joined.
00:22:43.536 INFO - nasserbek@yahoo.it hardware joined.
00:23:19.531 INFO - nasserbek@yahoo.it hardware joined.
00:24:43.946 INFO - nasserbek@yahoo.it hardware joined.
00:25:30.362 INFO - nasserbek@yahoo.it hardware joined.
00:26:38.580 INFO - nasserbek@yahoo.it hardware joined.
00:29:42.131 INFO - nasserbek@yahoo.it Blynk-app (android-22724) joined.
15:14:42.275 INFO - Using data dir 'server_data'
15:14:43.360 INFO - Region : local. Host : 192.168.1.46.
15:14:47.123 INFO - Initializing gmail smtp mail transport. Username : alibekhbekh@gmail.com. SMTP host : smtp.gmail.com:587
15:14:47.385 INFO - Reports : 0
15:14:47.386 INFO - Didn't find custom user certificates.
15:14:47.391 INFO - Didn't find Let's Encrypt certificates.
15:14:47.392 WARN - You didn't specified 'server.host' or 'contact.email' properties in server.properties file. Automatic certificate generation is turned off. Please specify above properties for automatic certificates retrieval.
15:14:47.392 WARN - ATTENTION. Server certificate paths (cert : 'E:\NextCloudCh\Github 2026\bek\blynk_server', key : 'E:\NextCloudCh\Github 2026\bek\blynk_server') not valid. Using embedded server certs and one way ssl. This is not secure. Please replace it with your own certs.
15:14:54.554 INFO - HTTP API and WebSockets server listening at 8080 port.
15:14:54.558 INFO - HTTPS API, WebSockets and Admin page server listening at 9443 port.
15:14:54.563 INFO - Mqtt hardware server listening at 8440 port.
15:15:00.855 INFO - nasserbek@yahoo.it Blynk-app (android-22724) joined.
15:21:15.696 INFO - nasserbek@yahoo.it hardware joined.
15:43:14.201 INFO - nasserbek@yahoo.it hardware joined.
15:44:04.424 INFO - nasserbek@yahoo.it Blynk-app (android-22724) joined.
15:47:26.045 INFO - nasserbek@yahoo.it hardware joined.
15:52:25.769 INFO - nasserbek@yahoo.it hardware joined.
15:55:24.793 INFO - nasserbek@yahoo.it hardware joined.
15:57:44.729 INFO - nasserbek@yahoo.it hardware joined.
16:01:11.309 INFO - nasserbek@yahoo.it hardware joined.
16:05:21.788 INFO - nasserbek@yahoo.it hardware joined.
16:13:39.737 INFO - nasserbek@yahoo.it hardware joined.
16:29:16.010 INFO - nasserbek@yahoo.it hardware joined.
16:29:53.983 INFO - nasserbek@yahoo.it hardware joined.
16:30:09.819 INFO - nasserbek@yahoo.it hardware joined.
16:34:35.822 INFO - nasserbek@yahoo.it hardware joined.
16:35:06.766 INFO - nasserbek@yahoo.it hardware joined.
16:40:37.914 INFO - nasserbek@yahoo.it hardware joined.
16:43:48.480 INFO - nasserbek@yahoo.it hardware joined.
16:46:49.126 INFO - nasserbek@yahoo.it hardware joined.
16:48:27.773 INFO - nasserbek@yahoo.it hardware joined.
16:50:36.883 INFO - nasserbek@yahoo.it hardware joined.
