00:00:10.401 - Ticked widgets for 1 minute : 0. Per second : 0, total time : 0 ms
00:01:10.401 - Ticked widgets for 1 minute : 0. Per second : 0, total time : 0 ms
00:02:10.401 - Ticked widgets for 1 minute : 0. Per second : 0, total time : 1 ms
00:03:10.402 - Ticked widgets for 1 minute : 0. Per second : 0, total time : 0 ms
00:04:10.406 - Ticked widgets for 1 minute : 0. Per second : 0, total time : 0 ms
00:05:10.401 - Ticked widgets for 1 minute : 0. Per second : 0, total time : 11 ms
00:06:10.402 - Ticked widgets for 1 minute : 0. Per second : 0, total time : 0 ms
00:07:10.401 - Ticked widgets for 1 minute : 0. Per second : 0, total time : 0 ms
00:08:10.401 - Ticked widgets for 1 minute : 0. Per second : 0, total time : 0 ms
00:09:10.401 - Ticked widgets for 1 minute : 0. Per second : 0, total time : 0 ms
00:10:10.401 - Ticked widgets for 1 minute : 0. Per second : 0, total time : 0 ms
00:11:10.401 - Ticked widgets for 1 minute : 0. Per second : 0, total time : 3 ms
00:12:10.401 - Ticked widgets for 1 minute : 0. Per second : 0, total time : 1 ms
00:13:10.402 - Ticked widgets for 1 minute : 0. Per second : 0, total time : 4 ms
00:14:10.401 - Ticked widgets for 1 minute : 0. Per second : 0, total time : 3 ms
00:15:10.402 - Ticked widgets for 1 minute : 0. Per second : 0, total time : 7 ms
00:16:10.401 - Ticked widgets for 1 minute : 0. Per second : 0, total time : 5 ms
00:17:10.401 - Ticked widgets for 1 minute : 0. Per second : 0, total time : 17 ms
00:18:10.403 - Ticked widgets for 1 minute : 0. Per second : 0, total time : 5 ms
00:19:10.401 - Ticked widgets for 1 minute : 0. Per second : 0, total time : 1 ms
00:20:10.401 - Ticked widgets for 1 minute : 0. Per second : 0, total time : 3 ms
00:21:10.401 - Ticked widgets for 1 minute : 0. Per second : 0, total time : 1 ms
00:22:10.403 - Ticked widgets for 1 minute : 0. Per second : 0, total time : 7 ms
00:23:10.400 - Ticked widgets for 1 minute : 0. Per second : 0, total time : 4 ms
00:24:10.401 - Ticked widgets for 1 minute : 0. Per second : 0, total time : 1 ms
00:25:10.401 - Ticked widgets for 1 minute : 0. Per second : 0, total time : 3 ms
00:26:10.402 - Ticked widgets for 1 minute : 0. Per second : 0, total time : 4 ms
00:27:10.402 - Ticked widgets for 1 minute : 0. Per second : 0, total time : 2 ms
00:28:10.401 - Ticked widgets for 1 minute : 0. Per second : 0, total time : 0 ms
00:29:10.402 - Ticked widgets for 1 minute : 0. Per second : 0, total time : 15 ms
00:30:10.401 - Ticked widgets for 1 minute : 0. Per second : 0, total time : 2 ms
15:14:47.273 - Timers : 0
15:15:54.402 - Ticked widgets for 1 minute : 0. Per second : 0, total time : 1 ms
15:16:54.402 - Ticked widgets for 1 minute : 0. Per second : 0, total time : 0 ms
15:17:54.403 - Ticked widgets for 1 minute : 0. Per second : 0, total time : 0 ms
15:18:54.404 - Ticked widgets for 1 minute : 0. Per second : 0, total time : 0 ms
15:19:54.402 - Ticked widgets for 1 minute : 0. Per second : 0, total time : 1 ms
15:20:54.402 - Ticked widgets for 1 minute : 0. Per second : 0, total time : 0 ms
15:21:54.402 - Ticked widgets for 1 minute : 0. Per second : 0, total time : 5 ms
15:22:01.037 - Backup for user DB started...
15:22:01.072 - Backup for user DB finished.
15:22:54.402 - Ticked widgets for 1 minute : 0. Per second : 0, total time : 11 ms
15:23:54.402 - Ticked widgets for 1 minute : 0. Per second : 0, total time : 6 ms
15:24:54.403 - Ticked widgets for 1 minute : 0. Per second : 0, total time : 3 ms
15:25:54.403 - Ticked widgets for 1 minute : 0. Per second : 0, total time : 1 ms
15:26:54.403 - Ticked widgets for 1 minute : 0. Per second : 0, total time : 1 ms
15:27:54.402 - Ticked widgets for 1 minute : 0. Per second : 0, total time : 3 ms
15:28:54.402 - Ticked widgets for 1 minute : 0. Per second : 0, total time : 4 ms
15:29:54.402 - Ticked widgets for 1 minute : 0. Per second : 0, total time : 12 ms
15:30:54.402 - Ticked widgets for 1 minute : 0. Per second : 0, total time : 3 ms
15:31:54.402 - Ticked widgets for 1 minute : 0. Per second : 0, total time : 0 ms
15:32:54.402 - Ticked widgets for 1 minute : 0. Per second : 0, total time : 2 ms
15:33:54.401 - Ticked widgets for 1 minute : 0. Per second : 0, total time : 3 ms
15:34:54.402 - Ticked widgets for 1 minute : 0. Per second : 0, total time : 0 ms
15:35:54.401 - Ticked widgets for 1 minute : 0. Per second : 0, total time : 0 ms
15:36:54.402 - Ticked widgets for 1 minute : 0. Per second : 0, total time : 3 ms
15:37:54.403 - Ticked widgets for 1 minute : 0. Per second : 0, total time : 1 ms
15:38:54.403 - Ticked widgets for 1 minute : 0. Per second : 0, total time : 3 ms
15:39:54.402 - Ticked widgets for 1 minute : 0. Per second : 0, total time : 17 ms
15:40:54.402 - Ticked widgets for 1 minute : 0. Per second : 0, total time : 769 ms
15:41:54.402 - Ticked widgets for 1 minute : 0. Per second : 0, total time : 32 ms
15:42:54.402 - Ticked widgets for 1 minute : 0. Per second : 0, total time : 4 ms
15:43:54.404 - Ticked widgets for 1 minute : 0. Per second : 0, total time : 2 ms
15:44:54.402 - Ticked widgets for 1 minute : 0. Per second : 0, total time : 6 ms
15:45:54.403 - Ticked widgets for 1 minute : 0. Per second : 0, total time : 10 ms
15:46:54.403 - Ticked widgets for 1 minute : 0. Per second : 0, total time : 8 ms
15:47:54.403 - Ticked widgets for 1 minute : 0. Per second : 0, total time : 6 ms
15:48:54.402 - Ticked widgets for 1 minute : 0. Per second : 0, total time : 0 ms
15:49:54.402 - Ticked widgets for 1 minute : 0. Per second : 0, total time : 1 ms
15:50:54.402 - Ticked widgets for 1 minute : 0. Per second : 0, total time : 2 ms
15:51:54.403 - Ticked widgets for 1 minute : 0. Per second : 0, total time : 6 ms
15:52:54.403 - Ticked widgets for 1 minute : 0. Per second : 0, total time : 4 ms
15:53:54.403 - Ticked widgets for 1 minute : 0. Per second : 0, total time : 6 ms
15:54:54.402 - Ticked widgets for 1 minute : 0. Per second : 0, total time : 4 ms
15:55:54.402 - Ticked widgets for 1 minute : 0. Per second : 0, total time : 2 ms
15:56:54.402 - Ticked widgets for 1 minute : 0. Per second : 0, total time : 2 ms
15:57:54.403 - Ticked widgets for 1 minute : 0. Per second : 0, total time : 0 ms
15:58:54.404 - Ticked widgets for 1 minute : 0. Per second : 0, total time : 0 ms
15:59:54.402 - Ticked widgets for 1 minute : 0. Per second : 0, total time : 0 ms
16:00:54.402 - Ticked widgets for 1 minute : 0. Per second : 0, total time : 0 ms
16:01:54.401 - Ticked widgets for 1 minute : 0. Per second : 0, total time : 0 ms
16:02:54.402 - Ticked widgets for 1 minute : 0. Per second : 0, total time : 1 ms
16:03:54.403 - Ticked widgets for 1 minute : 0. Per second : 0, total time : 0 ms
16:04:54.402 - Ticked widgets for 1 minute : 0. Per second : 0, total time : 2 ms
16:05:54.403 - Ticked widgets for 1 minute : 0. Per second : 0, total time : 0 ms
16:06:54.402 - Ticked widgets for 1 minute : 0. Per second : 0, total time : 3 ms
16:07:54.402 - Ticked widgets for 1 minute : 0. Per second : 0, total time : 0 ms
16:08:54.403 - Ticked widgets for 1 minute : 0. Per second : 0, total time : 0 ms
16:09:54.404 - Ticked widgets for 1 minute : 0. Per second : 0, total time : 0 ms
16:10:54.402 - Ticked widgets for 1 minute : 0. Per second : 0, total time : 0 ms
16:11:54.402 - Ticked widgets for 1 minute : 0. Per second : 0, total time : 0 ms
16:12:54.402 - Ticked widgets for 1 minute : 0. Per second : 0, total time : 0 ms
16:13:54.403 - Ticked widgets for 1 minute : 0. Per second : 0, total time : 1 ms
16:14:54.402 - Ticked widgets for 1 minute : 0. Per second : 0, total time : 2 ms
16:14:54.606 - Truncation failed for server_data\data\backup. Reason : server_data\data\backup.
16:14:54.611 - Truncated 0 files. Time : 28 ms.
16:14:54.612 - Removed 0 old export files. Time : 1 ms.
16:15:54.402 - Ticked widgets for 1 minute : 0. Per second : 0, total time : 0 ms
16:16:54.403 - Ticked widgets for 1 minute : 0. Per second : 0, total time : 0 ms
16:17:54.402 - Ticked widgets for 1 minute : 0. Per second : 0, total time : 0 ms
16:18:54.402 - Ticked widgets for 1 minute : 0. Per second : 0, total time : 0 ms
16:19:54.402 - Ticked widgets for 1 minute : 0. Per second : 0, total time : 0 ms
16:20:54.402 - Ticked widgets for 1 minute : 0. Per second : 0, total time : 0 ms
16:21:54.402 - Ticked widgets for 1 minute : 0. Per second : 0, total time : 0 ms
16:22:54.402 - Ticked widgets for 1 minute : 0. Per second : 0, total time : 0 ms
16:23:54.403 - Ticked widgets for 1 minute : 0. Per second : 0, total time : 0 ms
16:24:54.402 - Ticked widgets for 1 minute : 0. Per second : 0, total time : 0 ms
16:25:54.403 - Ticked widgets for 1 minute : 0. Per second : 0, total time : 0 ms
16:26:54.403 - Ticked widgets for 1 minute : 0. Per second : 0, total time : 0 ms
16:27:54.402 - Ticked widgets for 1 minute : 0. Per second : 0, total time : 0 ms
16:28:54.402 - Ticked widgets for 1 minute : 0. Per second : 0, total time : 0 ms
16:29:54.402 - Ticked widgets for 1 minute : 0. Per second : 0, total time : 2 ms
16:30:54.404 - Ticked widgets for 1 minute : 0. Per second : 0, total time : 4 ms
16:31:54.402 - Ticked widgets for 1 minute : 0. Per second : 0, total time : 5 ms
16:32:54.403 - Ticked widgets for 1 minute : 0. Per second : 0, total time : 4 ms
16:33:54.402 - Ticked widgets for 1 minute : 0. Per second : 0, total time : 9 ms
16:34:54.402 - Ticked widgets for 1 minute : 0. Per second : 0, total time : 5 ms
16:35:54.403 - Ticked widgets for 1 minute : 0. Per second : 0, total time : 1 ms
16:36:54.404 - Ticked widgets for 1 minute : 0. Per second : 0, total time : 4 ms
16:37:54.403 - Ticked widgets for 1 minute : 0. Per second : 0, total time : 7 ms
16:38:54.402 - Ticked widgets for 1 minute : 0. Per second : 0, total time : 7 ms
16:39:54.402 - Ticked widgets for 1 minute : 0. Per second : 0, total time : 48 ms
16:40:54.402 - Ticked widgets for 1 minute : 0. Per second : 0, total time : 2 ms
16:41:54.402 - Ticked widgets for 1 minute : 0. Per second : 0, total time : 2 ms
16:42:54.402 - Ticked widgets for 1 minute : 0. Per second : 0, total time : 0 ms
16:43:54.404 - Ticked widgets for 1 minute : 0. Per second : 0, total time : 0 ms
16:44:54.403 - Ticked widgets for 1 minute : 0. Per second : 0, total time : 6 ms
16:45:54.402 - Ticked widgets for 1 minute : 0. Per second : 0, total time : 0 ms
16:46:54.402 - Ticked widgets for 1 minute : 0. Per second : 0, total time : 1 ms
16:47:54.403 - Ticked widgets for 1 minute : 0. Per second : 0, total time : 5 ms
16:48:54.402 - Ticked widgets for 1 minute : 0. Per second : 0, total time : 5 ms
16:49:54.401 - Ticked widgets for 1 minute : 0. Per second : 0, total time : 1 ms
16:50:54.403 - Ticked widgets for 1 minute : 0. Per second : 0, total time : 2 ms
