15:48:37.907 - Timers : 0
15:49:01.071 - Backup for user DB started...
15:49:01.092 - Backup for user DB finished.
15:49:39.401 - Ticked widgets for 1 minute : 0. Per second : 0, total time : 8 ms
15:50:39.403 - Ticked widgets for 1 minute : 0. Per second : 0, total time : 11 ms
15:51:39.402 - Ticked widgets for 1 minute : 0. Per second : 0, total time : 1 ms
15:52:39.402 - Ticked widgets for 1 minute : 0. Per second : 0, total time : 3 ms
15:53:39.401 - Ticked widgets for 1 minute : 0. Per second : 0, total time : 0 ms
15:54:39.402 - Ticked widgets for 1 minute : 0. Per second : 0, total time : 0 ms
15:55:39.402 - Ticked widgets for 1 minute : 0. Per second : 0, total time : 0 ms
15:56:39.401 - Ticked widgets for 1 minute : 0. Per second : 0, total time : 0 ms
15:57:39.401 - Ticked widgets for 1 minute : 0. Per second : 0, total time : 2 ms
15:58:39.401 - Ticked widgets for 1 minute : 0. Per second : 0, total time : 0 ms
15:59:39.401 - Ticked widgets for 1 minute : 0. Per second : 0, total time : 0 ms
16:00:39.409 - Ticked widgets for 1 minute : 0. Per second : 0, total time : 2 ms
16:01:39.401 - Ticked widgets for 1 minute : 0. Per second : 0, total time : 0 ms
16:02:39.401 - Ticked widgets for 1 minute : 0. Per second : 0, total time : 10 ms
16:03:39.401 - Ticked widgets for 1 minute : 0. Per second : 0, total time : 1 ms
16:04:39.401 - Ticked widgets for 1 minute : 0. Per second : 0, total time : 1 ms
16:05:39.402 - Ticked widgets for 1 minute : 0. Per second : 0, total time : 3 ms
16:06:39.402 - Ticked widgets for 1 minute : 0. Per second : 0, total time : 5 ms
16:07:39.401 - Ticked widgets for 1 minute : 0. Per second : 0, total time : 0 ms
16:08:39.401 - Ticked widgets for 1 minute : 0. Per second : 0, total time : 4 ms
16:09:39.402 - Ticked widgets for 1 minute : 0. Per second : 0, total time : 1 ms
16:10:39.401 - Ticked widgets for 1 minute : 0. Per second : 0, total time : 1 ms
16:11:39.401 - Ticked widgets for 1 minute : 0. Per second : 0, total time : 0 ms
16:12:39.402 - Ticked widgets for 1 minute : 0. Per second : 0, total time : 1 ms
16:13:39.401 - Ticked widgets for 1 minute : 0. Per second : 0, total time : 0 ms
16:14:39.414 - Ticked widgets for 1 minute : 0. Per second : 0, total time : 0 ms
16:15:39.402 - Ticked widgets for 1 minute : 0. Per second : 0, total time : 1 ms
16:16:39.406 - Ticked widgets for 1 minute : 0. Per second : 0, total time : 2 ms
16:17:39.402 - Ticked widgets for 1 minute : 0. Per second : 0, total time : 0 ms
16:18:39.402 - Ticked widgets for 1 minute : 0. Per second : 0, total time : 0 ms
16:19:39.402 - Ticked widgets for 1 minute : 0. Per second : 0, total time : 0 ms
16:20:39.401 - Ticked widgets for 1 minute : 0. Per second : 0, total time : 0 ms
16:21:39.401 - Ticked widgets for 1 minute : 0. Per second : 0, total time : 0 ms
16:26:09.873 - Timers : 0
16:27:01.009 - Backup for user DB started...
16:27:01.017 - Backup for user DB finished.
16:27:11.401 - Ticked widgets for 1 minute : 0. Per second : 0, total time : 2 ms
16:28:11.401 - Ticked widgets for 1 minute : 0. Per second : 0, total time : 0 ms
16:29:11.403 - Ticked widgets for 1 minute : 0. Per second : 0, total time : 4 ms
16:30:11.403 - Ticked widgets for 1 minute : 0. Per second : 0, total time : 0 ms
16:31:11.403 - Ticked widgets for 1 minute : 0. Per second : 0, total time : 5 ms
16:32:11.402 - Ticked widgets for 1 minute : 0. Per second : 0, total time : 0 ms
16:33:11.402 - Ticked widgets for 1 minute : 0. Per second : 0, total time : 0 ms
16:34:11.402 - Ticked widgets for 1 minute : 0. Per second : 0, total time : 12 ms
16:35:11.402 - Ticked widgets for 1 minute : 0. Per second : 0, total time : 9 ms
16:36:11.401 - Ticked widgets for 1 minute : 0. Per second : 0, total time : 1 ms
16:37:11.401 - Ticked widgets for 1 minute : 0. Per second : 0, total time : 1 ms
16:38:11.402 - Ticked widgets for 1 minute : 0. Per second : 0, total time : 3 ms
16:39:11.402 - Ticked widgets for 1 minute : 0. Per second : 0, total time : 0 ms
16:40:11.401 - Ticked widgets for 1 minute : 0. Per second : 0, total time : 1 ms
16:41:11.402 - Ticked widgets for 1 minute : 0. Per second : 0, total time : 0 ms
16:42:11.402 - Ticked widgets for 1 minute : 0. Per second : 0, total time : 0 ms
16:43:11.401 - Ticked widgets for 1 minute : 0. Per second : 0, total time : 0 ms
16:44:11.402 - Ticked widgets for 1 minute : 0. Per second : 0, total time : 1 ms
16:45:11.402 - Ticked widgets for 1 minute : 0. Per second : 0, total time : 0 ms
16:46:11.401 - Ticked widgets for 1 minute : 0. Per second : 0, total time : 1 ms
16:47:11.402 - Ticked widgets for 1 minute : 0. Per second : 0, total time : 0 ms
16:48:11.402 - Ticked widgets for 1 minute : 0. Per second : 0, total time : 0 ms
16:49:11.401 - Ticked widgets for 1 minute : 0. Per second : 0, total time : 0 ms
16:50:11.402 - Ticked widgets for 1 minute : 0. Per second : 0, total time : 0 ms
16:51:11.402 - Ticked widgets for 1 minute : 0. Per second : 0, total time : 0 ms
16:52:11.402 - Ticked widgets for 1 minute : 0. Per second : 0, total time : 0 ms
16:53:11.401 - Ticked widgets for 1 minute : 0. Per second : 0, total time : 0 ms
16:54:11.401 - Ticked widgets for 1 minute : 0. Per second : 0, total time : 0 ms
16:55:11.402 - Ticked widgets for 1 minute : 0. Per second : 0, total time : 0 ms
16:56:11.401 - Ticked widgets for 1 minute : 0. Per second : 0, total time : 0 ms
16:57:11.401 - Ticked widgets for 1 minute : 0. Per second : 0, total time : 0 ms
16:58:11.401 - Ticked widgets for 1 minute : 0. Per second : 0, total time : 0 ms
16:59:11.401 - Ticked widgets for 1 minute : 0. Per second : 0, total time : 0 ms
17:00:11.401 - Ticked widgets for 1 minute : 0. Per second : 0, total time : 0 ms
17:01:11.403 - Ticked widgets for 1 minute : 0. Per second : 0, total time : 0 ms
17:02:11.401 - Ticked widgets for 1 minute : 0. Per second : 0, total time : 0 ms
17:03:11.401 - Ticked widgets for 1 minute : 0. Per second : 0, total time : 0 ms
17:04:11.401 - Ticked widgets for 1 minute : 0. Per second : 0, total time : 0 ms
17:05:11.401 - Ticked widgets for 1 minute : 0. Per second : 0, total time : 0 ms
17:06:11.401 - Ticked widgets for 1 minute : 0. Per second : 0, total time : 0 ms
17:07:11.401 - Ticked widgets for 1 minute : 0. Per second : 0, total time : 0 ms
17:08:11.401 - Ticked widgets for 1 minute : 0. Per second : 0, total time : 0 ms
17:09:11.402 - Ticked widgets for 1 minute : 0. Per second : 0, total time : 0 ms
17:10:11.402 - Ticked widgets for 1 minute : 0. Per second : 0, total time : 0 ms
17:11:11.401 - Ticked widgets for 1 minute : 0. Per second : 0, total time : 2 ms
17:12:11.403 - Ticked widgets for 1 minute : 0. Per second : 0, total time : 3 ms
17:13:11.402 - Ticked widgets for 1 minute : 0. Per second : 0, total time : 3 ms
17:14:11.401 - Ticked widgets for 1 minute : 0. Per second : 0, total time : 5 ms
17:15:11.403 - Ticked widgets for 1 minute : 0. Per second : 0, total time : 1 ms
17:16:11.401 - Ticked widgets for 1 minute : 0. Per second : 0, total time : 0 ms
17:17:11.401 - Ticked widgets for 1 minute : 0. Per second : 0, total time : 0 ms
17:18:11.401 - Ticked widgets for 1 minute : 0. Per second : 0, total time : 0 ms
17:19:11.401 - Ticked widgets for 1 minute : 0. Per second : 0, total time : 1 ms
17:20:11.403 - Ticked widgets for 1 minute : 0. Per second : 0, total time : 1 ms
17:21:11.401 - Ticked widgets for 1 minute : 0. Per second : 0, total time : 0 ms
17:22:11.403 - Ticked widgets for 1 minute : 0. Per second : 0, total time : 0 ms
17:23:11.402 - Ticked widgets for 1 minute : 0. Per second : 0, total time : 0 ms
17:24:11.403 - Ticked widgets for 1 minute : 0. Per second : 0, total time : 0 ms
17:25:11.402 - Ticked widgets for 1 minute : 0. Per second : 0, total time : 0 ms
17:26:11.402 - Ticked widgets for 1 minute : 0. Per second : 0, total time : 0 ms
17:26:11.632 - Truncated 0 files. Time : 0 ms.
17:26:11.633 - Removed 0 old export files. Time : 1 ms.
17:27:11.402 - Ticked widgets for 1 minute : 0. Per second : 0, total time : 0 ms
17:28:11.402 - Ticked widgets for 1 minute : 0. Per second : 0, total time : 0 ms
17:29:11.402 - Ticked widgets for 1 minute : 0. Per second : 0, total time : 0 ms
17:30:11.401 - Ticked widgets for 1 minute : 0. Per second : 0, total time : 0 ms
17:31:11.401 - Ticked widgets for 1 minute : 0. Per second : 0, total time : 0 ms
17:32:11.401 - Ticked widgets for 1 minute : 0. Per second : 0, total time : 0 ms
17:33:11.402 - Ticked widgets for 1 minute : 0. Per second : 0, total time : 1 ms
17:34:11.402 - Ticked widgets for 1 minute : 0. Per second : 0, total time : 1 ms
17:35:11.401 - Ticked widgets for 1 minute : 0. Per second : 0, total time : 1 ms
17:36:11.401 - Ticked widgets for 1 minute : 0. Per second : 0, total time : 0 ms
17:37:11.402 - Ticked widgets for 1 minute : 0. Per second : 0, total time : 0 ms
17:38:11.402 - Ticked widgets for 1 minute : 0. Per second : 0, total time : 0 ms
17:39:11.401 - Ticked widgets for 1 minute : 0. Per second : 0, total time : 0 ms
17:40:11.402 - Ticked widgets for 1 minute : 0. Per second : 0, total time : 0 ms
17:41:11.401 - Ticked widgets for 1 minute : 0. Per second : 0, total time : 0 ms
17:42:11.402 - Ticked widgets for 1 minute : 0. Per second : 0, total time : 0 ms
17:43:11.402 - Ticked widgets for 1 minute : 0. Per second : 0, total time : 0 ms
17:44:11.402 - Ticked widgets for 1 minute : 0. Per second : 0, total time : 0 ms
17:45:11.401 - Ticked widgets for 1 minute : 0. Per second : 0, total time : 0 ms
17:46:11.402 - Ticked widgets for 1 minute : 0. Per second : 0, total time : 0 ms
17:47:11.401 - Ticked widgets for 1 minute : 0. Per second : 0, total time : 0 ms
17:48:11.402 - Ticked widgets for 1 minute : 0. Per second : 0, total time : 0 ms
17:49:11.402 - Ticked widgets for 1 minute : 0. Per second : 0, total time : 0 ms
17:50:11.401 - Ticked widgets for 1 minute : 0. Per second : 0, total time : 0 ms
17:51:11.402 - Ticked widgets for 1 minute : 0. Per second : 0, total time : 0 ms
17:52:11.402 - Ticked widgets for 1 minute : 0. Per second : 0, total time : 0 ms
17:53:11.401 - Ticked widgets for 1 minute : 0. Per second : 0, total time : 0 ms
17:54:11.401 - Ticked widgets for 1 minute : 0. Per second : 0, total time : 0 ms
17:55:11.401 - Ticked widgets for 1 minute : 0. Per second : 0, total time : 0 ms
17:56:11.402 - Ticked widgets for 1 minute : 0. Per second : 0, total time : 0 ms
17:57:11.402 - Ticked widgets for 1 minute : 0. Per second : 0, total time : 0 ms
17:58:11.401 - Ticked widgets for 1 minute : 0. Per second : 0, total time : 0 ms
17:59:11.401 - Ticked widgets for 1 minute : 0. Per second : 0, total time : 0 ms
18:00:11.403 - Ticked widgets for 1 minute : 0. Per second : 0, total time : 0 ms
18:01:11.402 - Ticked widgets for 1 minute : 0. Per second : 0, total time : 0 ms
18:02:11.402 - Ticked widgets for 1 minute : 0. Per second : 0, total time : 0 ms
18:03:11.401 - Ticked widgets for 1 minute : 0. Per second : 0, total time : 0 ms
18:04:11.402 - Ticked widgets for 1 minute : 0. Per second : 0, total time : 0 ms
18:05:11.401 - Ticked widgets for 1 minute : 0. Per second : 0, total time : 0 ms
18:06:11.402 - Ticked widgets for 1 minute : 0. Per second : 0, total time : 0 ms
18:07:11.401 - Ticked widgets for 1 minute : 0. Per second : 0, total time : 0 ms
18:08:11.401 - Ticked widgets for 1 minute : 0. Per second : 0, total time : 0 ms
18:09:11.403 - Ticked widgets for 1 minute : 0. Per second : 0, total time : 0 ms
18:10:11.402 - Ticked widgets for 1 minute : 0. Per second : 0, total time : 0 ms
18:11:11.403 - Ticked widgets for 1 minute : 0. Per second : 0, total time : 0 ms
18:12:11.401 - Ticked widgets for 1 minute : 0. Per second : 0, total time : 0 ms
18:13:11.402 - Ticked widgets for 1 minute : 0. Per second : 0, total time : 0 ms
18:14:11.403 - Ticked widgets for 1 minute : 0. Per second : 0, total time : 0 ms
18:15:11.402 - Ticked widgets for 1 minute : 0. Per second : 0, total time : 0 ms
18:16:11.403 - Ticked widgets for 1 minute : 0. Per second : 0, total time : 0 ms
18:17:11.402 - Ticked widgets for 1 minute : 0. Per second : 0, total time : 0 ms
18:18:11.402 - Ticked widgets for 1 minute : 0. Per second : 0, total time : 0 ms
18:19:11.402 - Ticked widgets for 1 minute : 0. Per second : 0, total time : 0 ms
18:20:11.402 - Ticked widgets for 1 minute : 0. Per second : 0, total time : 0 ms
18:21:11.402 - Ticked widgets for 1 minute : 0. Per second : 0, total time : 0 ms
18:22:11.401 - Ticked widgets for 1 minute : 0. Per second : 0, total time : 0 ms
18:23:11.401 - Ticked widgets for 1 minute : 0. Per second : 0, total time : 0 ms
18:24:11.402 - Ticked widgets for 1 minute : 0. Per second : 0, total time : 0 ms
18:25:11.401 - Ticked widgets for 1 minute : 0. Per second : 0, total time : 0 ms
18:26:11.402 - Ticked widgets for 1 minute : 0. Per second : 0, total time : 0 ms
18:27:11.404 - Ticked widgets for 1 minute : 0. Per second : 0, total time : 0 ms
18:28:11.402 - Ticked widgets for 1 minute : 0. Per second : 0, total time : 0 ms
18:29:11.401 - Ticked widgets for 1 minute : 0. Per second : 0, total time : 0 ms
18:30:11.401 - Ticked widgets for 1 minute : 0. Per second : 0, total time : 0 ms
18:31:11.402 - Ticked widgets for 1 minute : 0. Per second : 0, total time : 0 ms
18:32:11.401 - Ticked widgets for 1 minute : 0. Per second : 0, total time : 0 ms
18:33:11.402 - Ticked widgets for 1 minute : 0. Per second : 0, total time : 0 ms
18:34:11.401 - Ticked widgets for 1 minute : 0. Per second : 0, total time : 0 ms
18:35:11.402 - Ticked widgets for 1 minute : 0. Per second : 0, total time : 0 ms
18:36:11.402 - Ticked widgets for 1 minute : 0. Per second : 0, total time : 0 ms
18:37:11.401 - Ticked widgets for 1 minute : 0. Per second : 0, total time : 0 ms
18:38:11.402 - Ticked widgets for 1 minute : 0. Per second : 0, total time : 0 ms
18:39:11.403 - Ticked widgets for 1 minute : 0. Per second : 0, total time : 1 ms
18:40:11.402 - Ticked widgets for 1 minute : 0. Per second : 0, total time : 0 ms
18:41:11.401 - Ticked widgets for 1 minute : 0. Per second : 0, total time : 0 ms
18:42:11.401 - Ticked widgets for 1 minute : 0. Per second : 0, total time : 0 ms
18:43:11.402 - Ticked widgets for 1 minute : 0. Per second : 0, total time : 0 ms
18:44:11.401 - Ticked widgets for 1 minute : 0. Per second : 0, total time : 0 ms
18:45:11.401 - Ticked widgets for 1 minute : 0. Per second : 0, total time : 0 ms
18:46:11.402 - Ticked widgets for 1 minute : 0. Per second : 0, total time : 0 ms
18:47:11.401 - Ticked widgets for 1 minute : 0. Per second : 0, total time : 0 ms
18:48:11.402 - Ticked widgets for 1 minute : 0. Per second : 0, total time : 0 ms
18:49:11.402 - Ticked widgets for 1 minute : 0. Per second : 0, total time : 0 ms
18:50:11.401 - Ticked widgets for 1 minute : 0. Per second : 0, total time : 0 ms
18:51:11.401 - Ticked widgets for 1 minute : 0. Per second : 0, total time : 1 ms
18:52:11.401 - Ticked widgets for 1 minute : 0. Per second : 0, total time : 0 ms
18:53:11.402 - Ticked widgets for 1 minute : 0. Per second : 0, total time : 0 ms
18:54:11.402 - Ticked widgets for 1 minute : 0. Per second : 0, total time : 0 ms
18:55:11.402 - Ticked widgets for 1 minute : 0. Per second : 0, total time : 0 ms
18:56:11.402 - Ticked widgets for 1 minute : 0. Per second : 0, total time : 0 ms
18:57:11.402 - Ticked widgets for 1 minute : 0. Per second : 0, total time : 0 ms
18:58:11.402 - Ticked widgets for 1 minute : 0. Per second : 0, total time : 0 ms
18:59:11.401 - Ticked widgets for 1 minute : 0. Per second : 0, total time : 0 ms
19:00:11.401 - Ticked widgets for 1 minute : 0. Per second : 0, total time : 0 ms
19:01:11.402 - Ticked widgets for 1 minute : 0. Per second : 0, total time : 0 ms
19:02:11.401 - Ticked widgets for 1 minute : 0. Per second : 0, total time : 0 ms
19:03:11.403 - Ticked widgets for 1 minute : 0. Per second : 0, total time : 0 ms
19:04:11.402 - Ticked widgets for 1 minute : 0. Per second : 0, total time : 0 ms
19:05:11.401 - Ticked widgets for 1 minute : 0. Per second : 0, total time : 0 ms
19:06:11.401 - Ticked widgets for 1 minute : 0. Per second : 0, total time : 0 ms
19:07:11.401 - Ticked widgets for 1 minute : 0. Per second : 0, total time : 0 ms
19:08:11.401 - Ticked widgets for 1 minute : 0. Per second : 0, total time : 0 ms
19:09:11.402 - Ticked widgets for 1 minute : 0. Per second : 0, total time : 0 ms
19:10:11.402 - Ticked widgets for 1 minute : 0. Per second : 0, total time : 0 ms
19:11:11.402 - Ticked widgets for 1 minute : 0. Per second : 0, total time : 1 ms
19:12:11.401 - Ticked widgets for 1 minute : 0. Per second : 0, total time : 0 ms
19:13:11.402 - Ticked widgets for 1 minute : 0. Per second : 0, total time : 0 ms
19:14:11.401 - Ticked widgets for 1 minute : 0. Per second : 0, total time : 0 ms
19:15:11.401 - Ticked widgets for 1 minute : 0. Per second : 0, total time : 0 ms
19:16:11.402 - Ticked widgets for 1 minute : 0. Per second : 0, total time : 0 ms
19:17:11.401 - Ticked widgets for 1 minute : 0. Per second : 0, total time : 0 ms
19:18:11.401 - Ticked widgets for 1 minute : 0. Per second : 0, total time : 0 ms
19:19:11.401 - Ticked widgets for 1 minute : 0. Per second : 0, total time : 0 ms
19:20:11.403 - Ticked widgets for 1 minute : 0. Per second : 0, total time : 0 ms
19:21:11.401 - Ticked widgets for 1 minute : 0. Per second : 0, total time : 0 ms
19:22:11.402 - Ticked widgets for 1 minute : 0. Per second : 0, total time : 0 ms
19:23:11.402 - Ticked widgets for 1 minute : 0. Per second : 0, total time : 0 ms
19:24:11.401 - Ticked widgets for 1 minute : 0. Per second : 0, total time : 0 ms
19:25:11.401 - Ticked widgets for 1 minute : 0. Per second : 0, total time : 0 ms
19:26:11.401 - Ticked widgets for 1 minute : 0. Per second : 0, total time : 0 ms
19:27:11.402 - Ticked widgets for 1 minute : 0. Per second : 0, total time : 0 ms
19:28:11.402 - Ticked widgets for 1 minute : 0. Per second : 0, total time : 0 ms
19:29:11.401 - Ticked widgets for 1 minute : 0. Per second : 0, total time : 0 ms
19:30:11.401 - Ticked widgets for 1 minute : 0. Per second : 0, total time : 0 ms
19:31:11.401 - Ticked widgets for 1 minute : 0. Per second : 0, total time : 0 ms
19:32:11.401 - Ticked widgets for 1 minute : 0. Per second : 0, total time : 0 ms
19:33:11.401 - Ticked widgets for 1 minute : 0. Per second : 0, total time : 0 ms
19:34:11.402 - Ticked widgets for 1 minute : 0. Per second : 0, total time : 0 ms
19:35:11.403 - Ticked widgets for 1 minute : 0. Per second : 0, total time : 0 ms
19:36:11.401 - Ticked widgets for 1 minute : 0. Per second : 0, total time : 0 ms
19:37:11.401 - Ticked widgets for 1 minute : 0. Per second : 0, total time : 0 ms
19:38:11.401 - Ticked widgets for 1 minute : 0. Per second : 0, total time : 0 ms
19:39:11.402 - Ticked widgets for 1 minute : 0. Per second : 0, total time : 0 ms
19:40:11.402 - Ticked widgets for 1 minute : 0. Per second : 0, total time : 0 ms
19:41:11.402 - Ticked widgets for 1 minute : 0. Per second : 0, total time : 0 ms
19:42:11.403 - Ticked widgets for 1 minute : 0. Per second : 0, total time : 0 ms
19:43:11.402 - Ticked widgets for 1 minute : 0. Per second : 0, total time : 0 ms
19:44:11.402 - Ticked widgets for 1 minute : 0. Per second : 0, total time : 0 ms
19:45:11.401 - Ticked widgets for 1 minute : 0. Per second : 0, total time : 0 ms
19:46:11.403 - Ticked widgets for 1 minute : 0. Per second : 0, total time : 0 ms
19:47:11.401 - Ticked widgets for 1 minute : 0. Per second : 0, total time : 0 ms
19:48:11.403 - Ticked widgets for 1 minute : 0. Per second : 0, total time : 0 ms
19:49:11.403 - Ticked widgets for 1 minute : 0. Per second : 0, total time : 0 ms
19:50:11.401 - Ticked widgets for 1 minute : 0. Per second : 0, total time : 0 ms
19:51:11.402 - Ticked widgets for 1 minute : 0. Per second : 0, total time : 0 ms
19:52:11.402 - Ticked widgets for 1 minute : 0. Per second : 0, total time : 0 ms
19:53:11.403 - Ticked widgets for 1 minute : 0. Per second : 0, total time : 0 ms
19:54:11.401 - Ticked widgets for 1 minute : 0. Per second : 0, total time : 0 ms
19:55:11.401 - Ticked widgets for 1 minute : 0. Per second : 0, total time : 0 ms
19:56:11.402 - Ticked widgets for 1 minute : 0. Per second : 0, total time : 0 ms
19:57:11.401 - Ticked widgets for 1 minute : 0. Per second : 0, total time : 0 ms
19:58:11.401 - Ticked widgets for 1 minute : 0. Per second : 0, total time : 0 ms
19:59:11.402 - Ticked widgets for 1 minute : 0. Per second : 0, total time : 0 ms
20:00:11.401 - Ticked widgets for 1 minute : 0. Per second : 0, total time : 0 ms
20:01:11.403 - Ticked widgets for 1 minute : 0. Per second : 0, total time : 0 ms
20:02:11.402 - Ticked widgets for 1 minute : 0. Per second : 0, total time : 0 ms
20:03:11.403 - Ticked widgets for 1 minute : 0. Per second : 0, total time : 0 ms
20:04:11.402 - Ticked widgets for 1 minute : 0. Per second : 0, total time : 0 ms
20:05:11.403 - Ticked widgets for 1 minute : 0. Per second : 0, total time : 0 ms
20:06:11.401 - Ticked widgets for 1 minute : 0. Per second : 0, total time : 0 ms
20:07:11.402 - Ticked widgets for 1 minute : 0. Per second : 0, total time : 0 ms
20:08:11.402 - Ticked widgets for 1 minute : 0. Per second : 0, total time : 0 ms
20:09:11.403 - Ticked widgets for 1 minute : 0. Per second : 0, total time : 0 ms
20:10:11.402 - Ticked widgets for 1 minute : 0. Per second : 0, total time : 0 ms
20:11:11.401 - Ticked widgets for 1 minute : 0. Per second : 0, total time : 0 ms
20:12:11.402 - Ticked widgets for 1 minute : 0. Per second : 0, total time : 0 ms
20:13:11.402 - Ticked widgets for 1 minute : 0. Per second : 0, total time : 0 ms
20:14:11.403 - Ticked widgets for 1 minute : 0. Per second : 0, total time : 0 ms
20:15:11.401 - Ticked widgets for 1 minute : 0. Per second : 0, total time : 0 ms
20:16:11.401 - Ticked widgets for 1 minute : 0. Per second : 0, total time : 0 ms
20:17:11.402 - Ticked widgets for 1 minute : 0. Per second : 0, total time : 0 ms
20:18:11.401 - Ticked widgets for 1 minute : 0. Per second : 0, total time : 0 ms
20:19:11.401 - Ticked widgets for 1 minute : 0. Per second : 0, total time : 0 ms
20:20:11.402 - Ticked widgets for 1 minute : 0. Per second : 0, total time : 0 ms
20:21:11.402 - Ticked widgets for 1 minute : 0. Per second : 0, total time : 0 ms
20:22:11.401 - Ticked widgets for 1 minute : 0. Per second : 0, total time : 0 ms
20:23:11.403 - Ticked widgets for 1 minute : 0. Per second : 0, total time : 0 ms
20:24:11.402 - Ticked widgets for 1 minute : 0. Per second : 0, total time : 0 ms
20:25:11.403 - Ticked widgets for 1 minute : 0. Per second : 0, total time : 0 ms
20:26:11.402 - Ticked widgets for 1 minute : 0. Per second : 0, total time : 0 ms
20:27:11.402 - Ticked widgets for 1 minute : 0. Per second : 0, total time : 0 ms
20:28:11.401 - Ticked widgets for 1 minute : 0. Per second : 0, total time : 0 ms
20:29:11.402 - Ticked widgets for 1 minute : 0. Per second : 0, total time : 0 ms
20:30:11.402 - Ticked widgets for 1 minute : 0. Per second : 0, total time : 0 ms
20:31:11.402 - Ticked widgets for 1 minute : 0. Per second : 0, total time : 0 ms
20:32:11.401 - Ticked widgets for 1 minute : 0. Per second : 0, total time : 0 ms
20:33:11.401 - Ticked widgets for 1 minute : 0. Per second : 0, total time : 0 ms
20:34:11.401 - Ticked widgets for 1 minute : 0. Per second : 0, total time : 0 ms
20:35:11.401 - Ticked widgets for 1 minute : 0. Per second : 0, total time : 0 ms
20:36:11.401 - Ticked widgets for 1 minute : 0. Per second : 0, total time : 0 ms
20:37:11.402 - Ticked widgets for 1 minute : 0. Per second : 0, total time : 0 ms
20:38:11.401 - Ticked widgets for 1 minute : 0. Per second : 0, total time : 0 ms
20:39:11.401 - Ticked widgets for 1 minute : 0. Per second : 0, total time : 0 ms
20:40:11.401 - Ticked widgets for 1 minute : 0. Per second : 0, total time : 0 ms
20:41:11.402 - Ticked widgets for 1 minute : 0. Per second : 0, total time : 0 ms
20:42:11.401 - Ticked widgets for 1 minute : 0. Per second : 0, total time : 0 ms
20:43:11.401 - Ticked widgets for 1 minute : 0. Per second : 0, total time : 0 ms
20:44:11.401 - Ticked widgets for 1 minute : 0. Per second : 0, total time : 0 ms
20:45:11.402 - Ticked widgets for 1 minute : 0. Per second : 0, total time : 0 ms
20:46:11.402 - Ticked widgets for 1 minute : 0. Per second : 0, total time : 0 ms
20:47:11.401 - Ticked widgets for 1 minute : 0. Per second : 0, total time : 0 ms
20:48:11.403 - Ticked widgets for 1 minute : 0. Per second : 0, total time : 0 ms
20:49:11.402 - Ticked widgets for 1 minute : 0. Per second : 0, total time : 0 ms
20:50:11.401 - Ticked widgets for 1 minute : 0. Per second : 0, total time : 0 ms
20:51:11.401 - Ticked widgets for 1 minute : 0. Per second : 0, total time : 1 ms
20:52:11.401 - Ticked widgets for 1 minute : 0. Per second : 0, total time : 0 ms
20:53:11.403 - Ticked widgets for 1 minute : 0. Per second : 0, total time : 1 ms
20:54:11.401 - Ticked widgets for 1 minute : 0. Per second : 0, total time : 0 ms
20:55:11.402 - Ticked widgets for 1 minute : 0. Per second : 0, total time : 2 ms
20:56:11.401 - Ticked widgets for 1 minute : 0. Per second : 0, total time : 0 ms
20:57:11.401 - Ticked widgets for 1 minute : 0. Per second : 0, total time : 0 ms
20:58:11.402 - Ticked widgets for 1 minute : 0. Per second : 0, total time : 0 ms
20:59:11.402 - Ticked widgets for 1 minute : 0. Per second : 0, total time : 0 ms
21:00:11.401 - Ticked widgets for 1 minute : 0. Per second : 0, total time : 0 ms
21:01:11.402 - Ticked widgets for 1 minute : 0. Per second : 0, total time : 0 ms
21:02:11.403 - Ticked widgets for 1 minute : 0. Per second : 0, total time : 0 ms
21:03:11.402 - Ticked widgets for 1 minute : 0. Per second : 0, total time : 0 ms
21:04:11.401 - Ticked widgets for 1 minute : 0. Per second : 0, total time : 0 ms
21:05:11.401 - Ticked widgets for 1 minute : 0. Per second : 0, total time : 0 ms
21:06:11.402 - Ticked widgets for 1 minute : 0. Per second : 0, total time : 0 ms
21:07:11.401 - Ticked widgets for 1 minute : 0. Per second : 0, total time : 0 ms
21:08:11.402 - Ticked widgets for 1 minute : 0. Per second : 0, total time : 0 ms
21:09:11.401 - Ticked widgets for 1 minute : 0. Per second : 0, total time : 0 ms
21:10:11.402 - Ticked widgets for 1 minute : 0. Per second : 0, total time : 2 ms
21:11:11.402 - Ticked widgets for 1 minute : 0. Per second : 0, total time : 0 ms
21:12:11.402 - Ticked widgets for 1 minute : 0. Per second : 0, total time : 1 ms
21:13:11.402 - Ticked widgets for 1 minute : 0. Per second : 0, total time : 0 ms
21:14:11.403 - Ticked widgets for 1 minute : 0. Per second : 0, total time : 0 ms
21:15:11.401 - Ticked widgets for 1 minute : 0. Per second : 0, total time : 1 ms
21:16:11.401 - Ticked widgets for 1 minute : 0. Per second : 0, total time : 0 ms
21:17:20.549 - Timers : 0
21:18:01.038 - Backup for user DB started...
21:18:01.062 - Backup for user DB finished.
21:18:21.403 - Ticked widgets for 1 minute : 0. Per second : 0, total time : 0 ms
21:19:21.402 - Ticked widgets for 1 minute : 0. Per second : 0, total time : 0 ms
21:20:21.402 - Ticked widgets for 1 minute : 0. Per second : 0, total time : 0 ms
21:21:21.402 - Ticked widgets for 1 minute : 0. Per second : 0, total time : 2 ms
21:22:21.402 - Ticked widgets for 1 minute : 0. Per second : 0, total time : 1 ms
21:23:21.402 - Ticked widgets for 1 minute : 0. Per second : 0, total time : 2 ms
21:24:21.403 - Ticked widgets for 1 minute : 0. Per second : 0, total time : 0 ms
21:25:21.402 - Ticked widgets for 1 minute : 0. Per second : 0, total time : 1 ms
21:26:21.402 - Ticked widgets for 1 minute : 0. Per second : 0, total time : 0 ms
21:27:21.403 - Ticked widgets for 1 minute : 0. Per second : 0, total time : 0 ms
21:28:21.403 - Ticked widgets for 1 minute : 0. Per second : 0, total time : 0 ms
21:29:21.403 - Ticked widgets for 1 minute : 0. Per second : 0, total time : 0 ms
21:30:21.401 - Ticked widgets for 1 minute : 0. Per second : 0, total time : 0 ms
21:31:21.401 - Ticked widgets for 1 minute : 0. Per second : 0, total time : 0 ms
21:32:21.403 - Ticked widgets for 1 minute : 0. Per second : 0, total time : 1 ms
21:33:21.402 - Ticked widgets for 1 minute : 0. Per second : 0, total time : 0 ms
21:34:21.402 - Ticked widgets for 1 minute : 0. Per second : 0, total time : 1 ms
21:35:21.401 - Ticked widgets for 1 minute : 0. Per second : 0, total time : 0 ms
21:36:21.402 - Ticked widgets for 1 minute : 0. Per second : 0, total time : 0 ms
21:37:21.401 - Ticked widgets for 1 minute : 0. Per second : 0, total time : 0 ms
21:38:21.401 - Ticked widgets for 1 minute : 0. Per second : 0, total time : 0 ms
21:39:21.402 - Ticked widgets for 1 minute : 0. Per second : 0, total time : 0 ms
21:40:21.401 - Ticked widgets for 1 minute : 0. Per second : 0, total time : 1 ms
21:41:21.401 - Ticked widgets for 1 minute : 0. Per second : 0, total time : 0 ms
21:42:21.403 - Ticked widgets for 1 minute : 0. Per second : 0, total time : 0 ms
21:43:21.402 - Ticked widgets for 1 minute : 0. Per second : 0, total time : 0 ms
21:44:21.402 - Ticked widgets for 1 minute : 0. Per second : 0, total time : 0 ms
21:45:21.402 - Ticked widgets for 1 minute : 0. Per second : 0, total time : 0 ms
21:46:21.402 - Ticked widgets for 1 minute : 0. Per second : 0, total time : 0 ms
21:47:21.403 - Ticked widgets for 1 minute : 0. Per second : 0, total time : 0 ms
21:48:21.403 - Ticked widgets for 1 minute : 0. Per second : 0, total time : 0 ms
21:49:21.402 - Ticked widgets for 1 minute : 0. Per second : 0, total time : 0 ms
21:50:21.401 - Ticked widgets for 1 minute : 0. Per second : 0, total time : 0 ms
21:51:21.402 - Ticked widgets for 1 minute : 0. Per second : 0, total time : 0 ms
21:52:21.401 - Ticked widgets for 1 minute : 0. Per second : 0, total time : 0 ms
21:53:21.402 - Ticked widgets for 1 minute : 0. Per second : 0, total time : 0 ms
21:54:21.403 - Ticked widgets for 1 minute : 0. Per second : 0, total time : 0 ms
21:55:21.403 - Ticked widgets for 1 minute : 0. Per second : 0, total time : 0 ms
21:56:21.401 - Ticked widgets for 1 minute : 0. Per second : 0, total time : 0 ms
21:57:21.402 - Ticked widgets for 1 minute : 0. Per second : 0, total time : 1 ms
21:58:21.401 - Ticked widgets for 1 minute : 0. Per second : 0, total time : 0 ms
21:59:21.402 - Ticked widgets for 1 minute : 0. Per second : 0, total time : 0 ms
22:00:21.403 - Ticked widgets for 1 minute : 0. Per second : 0, total time : 0 ms
22:01:21.402 - Ticked widgets for 1 minute : 0. Per second : 0, total time : 0 ms
22:02:21.402 - Ticked widgets for 1 minute : 0. Per second : 0, total time : 0 ms
22:03:21.401 - Ticked widgets for 1 minute : 0. Per second : 0, total time : 0 ms
22:04:21.402 - Ticked widgets for 1 minute : 0. Per second : 0, total time : 0 ms
22:05:21.402 - Ticked widgets for 1 minute : 0. Per second : 0, total time : 0 ms
22:06:21.402 - Ticked widgets for 1 minute : 0. Per second : 0, total time : 0 ms
22:07:21.403 - Ticked widgets for 1 minute : 0. Per second : 0, total time : 0 ms
22:08:21.401 - Ticked widgets for 1 minute : 0. Per second : 0, total time : 0 ms
22:09:21.403 - Ticked widgets for 1 minute : 0. Per second : 0, total time : 1 ms
22:10:21.403 - Ticked widgets for 1 minute : 0. Per second : 0, total time : 0 ms
22:11:21.402 - Ticked widgets for 1 minute : 0. Per second : 0, total time : 0 ms
22:12:21.402 - Ticked widgets for 1 minute : 0. Per second : 0, total time : 0 ms
22:13:21.401 - Ticked widgets for 1 minute : 0. Per second : 0, total time : 0 ms
22:14:21.401 - Ticked widgets for 1 minute : 0. Per second : 0, total time : 0 ms
22:15:21.401 - Ticked widgets for 1 minute : 0. Per second : 0, total time : 0 ms
22:16:21.402 - Ticked widgets for 1 minute : 0. Per second : 0, total time : 0 ms
22:17:21.401 - Ticked widgets for 1 minute : 0. Per second : 0, total time : 0 ms
22:17:21.905 - Truncated 0 files. Time : 0 ms.
22:17:21.906 - Removed 0 old export files. Time : 1 ms.
22:18:21.402 - Ticked widgets for 1 minute : 0. Per second : 0, total time : 0 ms
22:19:21.401 - Ticked widgets for 1 minute : 0. Per second : 0, total time : 0 ms
22:20:21.402 - Ticked widgets for 1 minute : 0. Per second : 0, total time : 0 ms
22:21:21.403 - Ticked widgets for 1 minute : 0. Per second : 0, total time : 0 ms
22:22:21.402 - Ticked widgets for 1 minute : 0. Per second : 0, total time : 0 ms
22:23:21.401 - Ticked widgets for 1 minute : 0. Per second : 0, total time : 0 ms
22:24:21.401 - Ticked widgets for 1 minute : 0. Per second : 0, total time : 0 ms
22:25:21.402 - Ticked widgets for 1 minute : 0. Per second : 0, total time : 1 ms
22:26:21.403 - Ticked widgets for 1 minute : 0. Per second : 0, total time : 0 ms
22:27:21.402 - Ticked widgets for 1 minute : 0. Per second : 0, total time : 0 ms
22:28:21.402 - Ticked widgets for 1 minute : 0. Per second : 0, total time : 2 ms
22:29:21.404 - Ticked widgets for 1 minute : 0. Per second : 0, total time : 17 ms
22:30:21.404 - Ticked widgets for 1 minute : 0. Per second : 0, total time : 34 ms
22:31:21.401 - Ticked widgets for 1 minute : 0. Per second : 0, total time : 1 ms
22:32:21.401 - Ticked widgets for 1 minute : 0. Per second : 0, total time : 3 ms
22:33:21.403 - Ticked widgets for 1 minute : 0. Per second : 0, total time : 22 ms
22:34:21.402 - Ticked widgets for 1 minute : 0. Per second : 0, total time : 0 ms
22:35:21.401 - Ticked widgets for 1 minute : 0. Per second : 0, total time : 1 ms
22:36:21.403 - Ticked widgets for 1 minute : 0. Per second : 0, total time : 0 ms
22:37:21.402 - Ticked widgets for 1 minute : 0. Per second : 0, total time : 0 ms
22:38:21.402 - Ticked widgets for 1 minute : 0. Per second : 0, total time : 0 ms
22:39:21.401 - Ticked widgets for 1 minute : 0. Per second : 0, total time : 0 ms
22:40:21.402 - Ticked widgets for 1 minute : 0. Per second : 0, total time : 0 ms
22:41:21.401 - Ticked widgets for 1 minute : 0. Per second : 0, total time : 0 ms
22:42:21.401 - Ticked widgets for 1 minute : 0. Per second : 0, total time : 0 ms
22:43:21.403 - Ticked widgets for 1 minute : 0. Per second : 0, total time : 1 ms
22:44:21.401 - Ticked widgets for 1 minute : 0. Per second : 0, total time : 0 ms
22:45:21.402 - Ticked widgets for 1 minute : 0. Per second : 0, total time : 0 ms
22:46:07.888 - Timers : 0
22:47:01.013 - Backup for user DB started...
22:47:01.020 - Backup for user DB finished.
22:47:09.403 - Ticked widgets for 1 minute : 0. Per second : 0, total time : 3 ms
22:48:09.401 - Ticked widgets for 1 minute : 0. Per second : 0, total time : 0 ms
22:49:09.403 - Ticked widgets for 1 minute : 0. Per second : 0, total time : 0 ms
22:50:09.401 - Ticked widgets for 1 minute : 0. Per second : 0, total time : 0 ms
22:51:09.403 - Ticked widgets for 1 minute : 0. Per second : 0, total time : 0 ms
22:52:09.403 - Ticked widgets for 1 minute : 0. Per second : 0, total time : 0 ms
22:53:09.402 - Ticked widgets for 1 minute : 0. Per second : 0, total time : 0 ms
22:54:09.401 - Ticked widgets for 1 minute : 0. Per second : 0, total time : 0 ms
22:55:09.403 - Ticked widgets for 1 minute : 0. Per second : 0, total time : 0 ms
22:56:09.402 - Ticked widgets for 1 minute : 0. Per second : 0, total time : 0 ms
22:57:09.403 - Ticked widgets for 1 minute : 0. Per second : 0, total time : 1 ms
22:58:09.402 - Ticked widgets for 1 minute : 0. Per second : 0, total time : 0 ms
22:59:09.402 - Ticked widgets for 1 minute : 0. Per second : 0, total time : 0 ms
23:00:09.402 - Ticked widgets for 1 minute : 0. Per second : 0, total time : 0 ms
23:01:09.403 - Ticked widgets for 1 minute : 0. Per second : 0, total time : 0 ms
23:02:09.402 - Ticked widgets for 1 minute : 0. Per second : 0, total time : 0 ms
23:03:09.401 - Ticked widgets for 1 minute : 0. Per second : 0, total time : 0 ms
23:04:09.403 - Ticked widgets for 1 minute : 0. Per second : 0, total time : 0 ms
23:05:09.403 - Ticked widgets for 1 minute : 0. Per second : 0, total time : 2 ms
23:06:09.402 - Ticked widgets for 1 minute : 0. Per second : 0, total time : 0 ms
23:07:09.403 - Ticked widgets for 1 minute : 0. Per second : 0, total time : 1 ms
23:22:36.278 - Timers : 0
23:23:52.688 - Timers : 0
23:24:55.404 - Ticked widgets for 1 minute : 0. Per second : 0, total time : 0 ms
23:25:55.404 - Ticked widgets for 1 minute : 0. Per second : 0, total time : 0 ms
23:26:55.402 - Ticked widgets for 1 minute : 0. Per second : 0, total time : 0 ms
