17:26:29.660 INFO - Starting up certificate retrieval process for host blynk-local.com  and email alibekhbekh@gmail.com.
17:26:30.626 INFO - Registered a new user, URL: https://acme-v02.api.letsencrypt.org/acme/acct/3416759776
17:26:31.085 INFO - Starting authorization for domain blynk-local.com
19:35:56.774 INFO - Using data dir '/data'
19:35:57.281 INFO - Region : local. Host : blynk-local.com .
19:35:57.318 INFO - Using native epoll transport.
19:35:57.781 INFO - Initializing gmail smtp mail transport. Username : alibekhbekh@gmail.com. SMTP host : smtp.gmail.com:587
19:35:57.850 INFO - Reports : 0
19:35:57.851 INFO - Didn't find custom user certificates.
19:35:57.852 INFO - Didn't find Let's Encrypt certificates.
19:35:57.853 INFO - Automatic certificate generation is turned ON.
19:35:57.853 INFO - Using native openSSL provider.
19:35:57.853 WARN - ATTENTION. Server certificate paths (cert : '/blynk', key : '/blynk') not valid. Using embedded server certs and one way ssl. This is not secure. Please replace it with your own certs.
19:35:58.719 INFO - HTTP API and WebSockets server listening at 8080 port.
19:35:58.720 INFO - HTTPS API, WebSockets and Admin page server listening at 9443 port.
19:35:58.726 INFO - Mqtt hardware server listening at 8440 port.
19:35:58.738 INFO - Starting up certificate retrieval process for host blynk-local.com  and email alibekhbekh@gmail.com.
19:36:00.139 INFO - Registered a new user, URL: https://acme-v02.api.letsencrypt.org/acme/acct/3443594696
19:36:00.881 INFO - Starting authorization for domain blynk-local.com
19:36:44.984 INFO - nasserbek@yahoo.it Blynk-app (android-22724) joined.
20:14:58.848 ERROR- Error sending email auth token to user : nasserbek@yahoo.it. Error: 535-5.7.8 Username and Password not accepted. For more information, go to
535 5.7.8  https://support.google.com/mail/?p=BadCredentials 5b1f17b1804b1-49230a8eb30sm78858795e9.10 - gsmtp

21:43:31.711 INFO - nasserbek@yahoo.it Blynk-app (android-22724) joined.
21:48:07.077 INFO - nasserbek@yahoo.it Blynk-app (android-22724) joined.
21:51:10.522 INFO - Using data dir '/data'
21:51:10.941 INFO - Region : local. Host : blynk-local.com .
21:51:10.969 INFO - Using native epoll transport.
21:51:11.330 INFO - Initializing gmail smtp mail transport. Username : alibekhbekh@gmail.com. SMTP host : smtp.gmail.com:587
21:51:11.377 INFO - Reports : 0
21:51:11.377 INFO - Didn't find custom user certificates.
21:51:11.378 INFO - Didn't find Let's Encrypt certificates.
21:51:11.378 INFO - Automatic certificate generation is turned ON.
21:51:11.378 INFO - Using native openSSL provider.
21:51:11.378 WARN - ATTENTION. Server certificate paths (cert : '/blynk', key : '/blynk') not valid. Using embedded server certs and one way ssl. This is not secure. Please replace it with your own certs.
21:51:12.185 INFO - HTTP API and WebSockets server listening at 8080 port.
21:51:12.186 INFO - HTTPS API, WebSockets and Admin page server listening at 9443 port.
21:51:12.187 INFO - Mqtt hardware server listening at 8440 port.
21:51:12.198 INFO - Starting up certificate retrieval process for host blynk-local.com  and email alibekhbekh@gmail.com.
21:51:13.758 INFO - Registered a new user, URL: https://acme-v02.api.letsencrypt.org/acme/acct/3443889816
21:51:15.134 INFO - Starting authorization for domain blynk-local.com
